[gamercraft.com/index.html]
[backblue.gif]
[fade.gif]
[index.html]
[assets.website-files.com/5f8aeaae8244764ce3e625a5/css/gamercraft.webflow.b2b7ece36.min.css]
[ajax.googleapis.com/ajax/libs/webfont/1.6.26/webfont.js]
[assets.website-files.com/5f8aeaae8244764ce3e625a5/5f8aeaae8ac5022c4c825b38_gcfavicon.png]
[assets.website-files.com/5f8aeaae8244764ce3e625a5/5f8aeaae8ac5022435825b3b_gcwebclip.jpg]
[unpkg.com/cotter@0.3.34/dist/cotter.loader.js]
[gamercraft.com/browse.html]
[gamercraft.com/tournament-rules.html]
[gamercraft.com/blog.html]
[gamercraft.com/send-app.html]
[gamercraft.com/sign-in.html]
[assets.website-files.com/5f8aeaae8244764ce3e625a5/613138a1a8ad5c6297b56d74_unknown (1) (1).png]
[assets.website-files.com/5f8aeaae8244764ce3e625a5/613137e52957c121070ae8a3_logo.png]
[assets.website-files.com/5f8aeaae8244764ce3e625a5/60a00c11f3b25f9e4ccd48f4_first-bg.jpg]
[assets.website-files.com/5f8aeaae8244764ce3e625a5/6137ac2e361af62658b2b9f5_lol.png]
[assets.website-files.com/5f8aeaae8244764ce3e625a5/6137ac2e5be4a061acb64c81_valorant.png]
[assets.website-files.com/5f8aeaae8244764ce3e625a5/61313a5f235726a02bdf89c6_integration2.png]
[assets.website-files.com/5f8aeaae8244764ce3e625a5/61313aa8df016229dec70104_integration1.png]
[assets.website-files.com/5f8aeaae8244764ce3e625a5/60a00bfdf75a68100e868f18_second-bg.jpg]
[assets.website-files.com/5f8aeaae8244764ce3e625a5/60647917e2f2f40299b82951_Mask Group.png]
[assets.website-files.com/5f8aeaae8244764ce3e625a5/609e903950870f51879c2e7f_Rectangle.png]
[assets.website-files.com/5f8aeaae8244764ce3e625a5/609e92fadcd4890c726501d7_Rectangle.png]
[assets.website-files.com/5f8aeaae8244764ce3e625a5/60a01743f9cc8f879544725c_Rectangle (1).png]
[assets.website-files.com/5f8aeaae8244764ce3e625a5/5f8b9416978a9a839432ebf8_animated-logo.gif]
[gamercraft.com/terms-of-use.html]
[gamercraft.com/privacy.html]
[gamercraft.com/partners/program.html]
[gamercraft.com/careers.html]
[d3e54v103j8qbb.cloudfront.net/js/jquery-3.5.1.min.dc5e7f18c8d0b8.js]
[assets.website-files.com/5f8aeaae8244764ce3e625a5/js/webflow.65cb5c009.js]
[momentjs.com/downloads/moment.js]
[code.jquery.com/jquery-2.2.0.min.js]
[gamercraft.com/index.html]
[assets.website-files.com/5f8aeaae8244764ce3e625a5/css/gamercraft.webflow.b2b7ece36.min.css]
[gamercraft.com/browse.html]
[cdnjs.cloudflare.com/ajax/libs/slick-carousel/1.6.0/slick.min.js]
[cdnjs.cloudflare.com/ajax/libs/tocbot/4.11.1/tocbot.css]
[assets.website-files.com/5f8aeaae8244764ce3e625a5/5f988dc6c11f157192b0a6e8_Bracket_Image.png]
[gamercraft.com/old-home-2.html]
[assets.website-files.com/5f8aeaae8244764ce3e625a5/5f8aeaae8ac502e0c2825b2f_Ativo 1.png]
[gamercraft.com/tournament-rules.html]
[cdnjs.cloudflare.com/ajax/libs/tocbot/4.11.1/tocbot.min.js]
[gamercraft.com/blog-posts/champion-breakdown-miss-fortune-support.html]
[assets.website-files.com/5f8aeaae8244764ce3e625a5/606ccb2e1216c0669dfd488d_post-overlay.png]
[assets.website-files.com/5f8aeaae8ac5021ec2825b1a/61b288abb83d0703a7c12a71_Champion Breakdown - MF-min.png]
[gamercraft.com/blog-posts/midpatch-review-patch-11-23.html]
[assets.website-files.com/5f8aeaae8ac5021ec2825b1a/61a551a2258c43f6d946e4ff_ruinedMF.jpg]
[gamercraft.com/blog-posts/preseason-preview-objective-bounties.html]
[assets.website-files.com/5f8aeaae8ac5021ec2825b1a/61a55095b208e1693cd2fb07_Preseason Preview - Objective Bounties & Items-min.png]
[gamercraft.com/blog/champion-breakdown-series.html]
[gamercraft.com/blog/how-to-series.html]
[gamercraft.com/blog/ability-combos-series.html]
[gamercraft.com/blog/patch-overview-series.html]
[gamercraft.com/blog/strategy-week-series.html]
[gamercraft.com/blog/meta-changes-series.html]
[gamercraft.com/blog-posts/preseason-preview-patch-11-23-damage-item-changes.html]
[assets.website-files.com/5f8aeaae8ac5021ec2825b1a/61a54fbd78972f5dfe61f2a8_Patch Overview 11.23 DMG ITEMS Blog Thumbnail-min.png]
[gamercraft.com/blog-posts/preseason-preview-patch-11-23-tank-item-changes.html]
[assets.website-files.com/5f8aeaae8ac5021ec2825b1a/61a54f6b0eb471a5e4098c0a_Patch Overview 11.23 TANK ITEMS Blog Thumbnail-min.png]
[gamercraft.com/blog-posts/midpatch-review-league-of-legends-patch-11-22.html]
[assets.website-files.com/5f8aeaae8ac5021ec2825b1a/618ef0b6932de1555a4accc6_midpatchreview11.22-min.png]
[gamercraft.com/blog-posts/preseason-preview-runes.html]
[assets.website-files.com/5f8aeaae8ac5021ec2825b1a/618c4eb0f9078cdfa5f381e3_Pre-season preview - Runes (1) (1).png]
[gamercraft.com/blog-posts/pro-play-by-play-mad-vs-dk.html]
[assets.website-files.com/5f8aeaae8ac5021ec2825b1a/618c4c8b8e7b44615db1b593_Pro Play By Play_ MAD v DK (1) (1).png]
[gamercraft.com/blog-posts/worlds-wrapped-grand-finals-dk-vs-edg.html]
[assets.website-files.com/5f8aeaae8ac5021ec2825b1a/61897b85f42cab1d16f99cf6_worldswrapped-min (1).png]
[gamercraft.com/blog-posts/league-of-legends-patch-11-22-overview.html]
[assets.website-files.com/5f8aeaae8ac5021ec2825b1a/61843038fce5073d2b102a5d_Patch Overview 11.22-min.png]
[gamercraft.com/blog-posts/pre-season-preview-drakes.html]
[assets.website-files.com/5f8aeaae8ac5021ec2825b1a/6182e8d69a1120f30dd48a7e_Pre-Season Preview_ Drakes-min.png]
[gamercraft.com/blog-posts/champion-synergy-miss-fortune-and-leona.html]
[assets.website-files.com/5f8aeaae8ac5021ec2825b1a/6182e7c8445ca57b9a98a974_Champion Synergy Thumbnail MF and Leona-min.png]
[gamercraft.com/blog-posts/pro-play-by-play-fnc-vs-hle.html]
[assets.website-files.com/5f8aeaae8ac5021ec2825b1a/6182e79633ff25368deec23b_Pro Play By Play - FNC v HLE-min.png]
[gamercraft.com/blog-posts/team-comp-analysis-worlds-edition.html]
[assets.website-files.com/5f8aeaae8ac5021ec2825b1a/6182e646b579f604626bbc31_Team Comp Analysis Thumbnail 10.25-min.png]
[gamercraft.com/blog-posts/worlds-wrapped-semifinals-edg-vs-gen-g.html]
[assets.website-files.com/5f8aeaae8ac5021ec2825b1a/6180302e4d38ed6919a03b43_edgvgeng-min.png]
[gamercraft.com/blog-posts/worlds-wrapped-semifinals-dk-vs-t1.html]
[assets.website-files.com/5f8aeaae8ac5021ec2825b1a/617ee3ca635b9aefec36119b_dkvt1-min.png]
[gamercraft.com/blog-posts/worlds-wrapped-quarter-finals-c9-vs-gen-g.html]
[assets.website-files.com/5f8aeaae8ac5021ec2825b1a/6176ef671ac5715ef357931f_Worlds Wrapped Quarter Finals Thumbnail-min (1).png]
[gamercraft.com/blog-posts/worlds-wrapped-quarter-finals-edg-vs-rng-dk-vs-mad.html]
[gamercraft.com/blog-posts/patch-11-21-overview.html]
[assets.website-files.com/5f8aeaae8ac5021ec2825b1a/61732cc89d56b824f2fb0700_Patch Overview 11.21-min.png]
[gamercraft.com/blog-posts/worlds-wrapped-quarter-finals-t1-vs-hle.html]
[assets.website-files.com/5f8aeaae8ac5021ec2825b1a/61732af53fdaa912415a1e81_Worlds Wrapped Quarter Finals Thumbnail-min.png]
[gamercraft.com/blog-posts/strategy-of-the-week-rift-herald.html]
[assets.website-files.com/5f8aeaae8ac5021ec2825b1a/616f45e5cb902a528f18a449_rift herald.png]
[gamercraft.com/blog-posts/strategy-of-the-week-level-1-invades.html]
[assets.website-files.com/5f8aeaae8ac5021ec2825b1a/616f4e92d2cdea6091dab332_Strategy of the Week Level 1 Invades-min.png]
[gamercraft.com/blog-posts/worlds-wrapped-group-stage-day-7.html]
[assets.website-files.com/5f8aeaae8ac5021ec2825b1a/616e0a1c7aaaf4005788d6e1_Worlds Wrapped Group Stages Thumbnail (1) day 7-min.png]
[gamercraft.com/blog-posts/worlds-wrapped-group-stage-day-6.html]
[assets.website-files.com/5f8aeaae8ac5021ec2825b1a/616db5bcb055320f32736e00_Worlds Wrapped Group Stages Thumbnail (1) day 6-min.png]
[gamercraft.com/blog-posts/worlds-wrapped-group-stage-day-5.html]
[assets.website-files.com/5f8aeaae8ac5021ec2825b1a/616db599c6330bc5330f65aa_Worlds Wrapped Group Stages Thumbnail (1) day 5-min.png]
[gamercraft.com/blog-posts/worlds-wrapped-group-stage-day-4.html]
[assets.website-files.com/5f8aeaae8ac5021ec2825b1a/6169fbaa1abd231edeb89c2f_Worlds Wrapped Group Stages Thumbnail (1) day4-min.png]
[gamercraft.com/blog-posts/pro-play-by-play-c9-vs-dfm.html]
[assets.website-files.com/5f8aeaae8ac5021ec2825b1a/6168a7c3471e873a38bc3b78_Pro Play By Play Thumbnail C9 VS DFM-min.png]
[gamercraft.com/blog-posts/champion-synergy-lucian-and-nami.html]
[assets.website-files.com/5f8aeaae8ac5021ec2825b1a/6168a7a83b757df2006adbb4_Champion Synergy Nami and Lucian-min.png]
[gamercraft.com/blog-posts/worlds-wrapped-group-stage-day-3.html]
[assets.website-files.com/5f8aeaae8ac5021ec2825b1a/61676f51eba29a7828135df5_Worlds Wrapped Group Stages Thumbnail day3.png]
[gamercraft.com/blog-posts/worlds-wrapped-group-stage-day-2.html]
[assets.website-files.com/5f8aeaae8ac5021ec2825b1a/61662414727679b9faae79b1_Worlds Wrapped Group Stages Thumbnail d2-min.png]
[gamercraft.com/blog-posts/worlds-wrapped-group-stage-day-1.html]
[assets.website-files.com/5f8aeaae8ac5021ec2825b1a/61649cb448e4c0306b88d993_Worlds Wrapped Group Stages Thumbnail-min.png]
[gamercraft.com/blog-posts/worlds-wrapped-play-ins-day-5.html]
[assets.website-files.com/5f8aeaae8ac5021ec2825b1a/6161f2f520c80369f86397dc_Worlds Wrapped Play-Ins Thumbnail-min.png]
[gamercraft.com/blog-posts/worlds-wrapped-play-ins-day-4.html]
[assets.website-files.com/5f8aeaae8ac5021ec2825b1a/6160dd947ab00565f4655458_Worlds Wrapped Play-Ins Thumbnail Day 4-min (1).png]
[gamercraft.com/blog-posts/worlds-wrapped-play-ins-day-3.html]
[assets.website-files.com/5f8aeaae8ac5021ec2825b1a/615f4ae5a32dcc12a52079fd_Worlds Wrapped Play-Ins Thumbnail day 3-min.png]
[gamercraft.com/blog-posts/league-of-legends-patch-11-20-overview.html]
[assets.website-files.com/5f8aeaae8ac5021ec2825b1a/615f32e60852e67b42673bbe_Patch Overview_ 11.20-min.png]
[gamercraft.com/blog-posts/worlds-wrapped-play-ins-day-2.html]
[assets.website-files.com/5f8aeaae8ac5021ec2825b1a/615e12c2fe12c376f19d0408_Worlds Wrapped Play-Ins Thumbnail Day 2-min.png]
[gamercraft.com/blog-posts/worlds-wrapped-play-ins-day-1.html]
[assets.website-files.com/5f8aeaae8ac5021ec2825b1a/615ca9b7939bb924f84b5656_Worlds Wrapped Play-Ins Thumbnail Day 1-min.png]
[gamercraft.com/blog-posts/champion-breakdown-vex.html]
[gamercraft.com/blog-posts/pro-play-by-play-tl-vs-100t.html]
[assets.website-files.com/5f8aeaae8ac5021ec2825b1a/615f29d30c88b1ba0bde40ba_TL-v-100T-featured-1.jpg]
[gamercraft.com/blog-posts/champion-breakdown-sona.html]
[assets.website-files.com/5f8aeaae8ac5021ec2825b1a/615213500c6a63cdbc85b415_Champion Breakdown_ Sona Thumbnail.png]
[gamercraft.com/blog-posts/league-of-legends-patch-11-19-overview.html]
[assets.website-files.com/5f8aeaae8ac5021ec2825b1a/61520ed99f76981f2bc0c3b4_Patch 11.19 overview.png]
[gamercraft.com/blog-posts/team-comp-analysis-patch-11-19.html]
[assets.website-files.com/5f8aeaae8ac5021ec2825b1a/615206d9ab183e01d579d6ea_Team Comp Analysis 9.27-min (1) (1).png]
[gamercraft.com/blog-posts/pro-play-by-play-dk-vs-t1-lck-summer-finals.html]
[assets.website-files.com/5f8aeaae8ac5021ec2825b1a/61520410982baae4c9907cd9_Pro Play By Play - DK vs T1 (LCK Finals).png]
[gamercraft.com/blog-posts/team-comp-analysis-lec-playoffs.html]
[assets.website-files.com/5f8aeaae8ac5021ec2825b1a/614a8467447f92141a5dfc72_Viego.png]
[gamercraft.com/blog-posts/team-comp-analysis-lcs-finals.html]
[assets.website-files.com/5f8aeaae8ac5021ec2825b1a/6143c8d11fd22dbbdd6e0884_Team Comp Analysis_ LCS Championships.png]
[gamercraft.com/blog-posts/team-comp-analysis-patch-11-18.html]
[assets.website-files.com/5f8aeaae8ac5021ec2825b1a/6148fa51f0b2c58f5d88e7f3_brave-phoenix-xayah-lol-splash-art-hd-wallpaper-1920x1080-uhdpaper.com-10.1_b.jpg]
[gamercraft.com/blog-posts/league-of-legends-patch-11-18-overview.html]
[assets.website-files.com/5f8aeaae8ac5021ec2825b1a/613ba139dd4a2b12db750099_Patch Overview 11.18.png]
[gamercraft.com/blog-posts/champion-synergy-ashe-and-braum.html]
[assets.website-files.com/5f8aeaae8ac5021ec2825b1a/613b9cbb876ca5cf2ae68c1b_WildRift_BraumAsheDuo-1024x576.jpg]
[gamercraft.com/blog-posts/champion-guide-twisted-fate.html]
[assets.website-files.com/5f8aeaae8ac5021ec2825b1a/614a8ae52f7c6c53c831ba56_Champion Breakdown TF (1).png]
[gamercraft.com/blog-posts/midpatch-review-11-17.html]
[assets.website-files.com/5f8aeaae8ac5021ec2825b1a/613a8cd72f8770cfdc128154_nami-lol-river-spirit-splash-art-uhdpaper.com-hd-554.jpg]
[gamercraft.com/blog-posts/champion-synergy-kalista-and-alistar.html]
[assets.website-files.com/5f8aeaae8ac5021ec2825b1a/6137a0df2e37a241af72bc8b_Champion Synergy Kali Ali.png]
[gamercraft.com/blog-posts/pro-play-by-play-fnatic-vs-rogue.html]
[assets.website-files.com/5f8aeaae8ac5021ec2825b1a/6130efe5e843d539a33628c0_maxresdefault.jpg]
[gamercraft.com/blog-posts/pro-play-by-play-mad-vs-rge.html]
[assets.website-files.com/5f8aeaae8ac5021ec2825b1a/612ecaf3d24cf9b6c0250dd2_madvsrge.jpg]
[gamercraft.com/blog-posts/patch-1-12-auto-update-flex-rank-bug-fix.html]
[assets.website-files.com/5f8aeaae8ac5021ec2825b1a/612974db6d8a762f46937462_Gamercraft Patch 1_12 BG.png]
[gamercraft.com/blog-posts/pro-play-by-play-dannys-tristana.html]
[assets.website-files.com/5f8aeaae8ac5021ec2825b1a/612940387adf6f6d1daa81ce_Pro by Pro Play EG Danny 8.27 (1).png]
[gamercraft.com/blog-posts/team-comp-analysis-1-early-game-compositions.html]
[assets.website-files.com/5f8aeaae8ac5021ec2825b1a/61252173fd6ef1455a601b77_Team Comp Analysis 1 8.24.png]
[gamercraft.com/blog-posts/champion-breakdown-tristana.html]
[assets.website-files.com/5f8aeaae8ac5021ec2825b1a/611e8f497bdae4078b6fa166_Champion-Breakdown-Tristana--8.18-ver2.png]
[gamercraft.com/blog-posts/league-of-legends-mid-patch-review-patch-11-6.html]
[assets.website-files.com/5f8aeaae8ac5021ec2825b1a/611e64680e26172322f35b17_Midpatch review 11.16.png]
[gamercraft.com/blog-posts/how-to-out-of-game-improvement.html]
[assets.website-files.com/5f8aeaae8ac5021ec2825b1a/611af2e63a4c4ccd30b52390_League-of-Legends-Yuumi.jpg]
[gamercraft.com/blog-posts/the-psychology-of-league-staying-cool.html]
[assets.website-files.com/5f8aeaae8ac5021ec2825b1a/61169f545b5144ce80689a55_download.jpg]
[gamercraft.com/blog-posts/gamercraft-adds-alienware-founder-and-amd-chief-architect-of-gaming-solutions-to-board-of-directors.html]
[assets.website-files.com/5f8aeaae8ac5021ec2825b1a/6112d5a7195db4ad39e52af2_97987unknown.png]
[gamercraft.com/blog-posts/strategy-of-the-week-level-2-power-spike.html]
[assets.website-files.com/5f8aeaae8ac5021ec2825b1a/6111ad7f320b016c3fd67ec2_lucia.png]
[gamercraft.com/blog-posts/pro-play-by-play-g2-vs-xl.html]
[assets.website-files.com/5f8aeaae8ac5021ec2825b1a/610c67d936870381e3cfdd62_Screen Shot 2021-08-05 at 3.35.41 PM.png]
[gamercraft.com/blog-posts/strategy-of-the-week-teleporting.html]
[assets.website-files.com/5f8aeaae8ac5021ec2825b1a/610ae8347a56c0703adec2d2_teleporting.png]
[gamercraft.com/blog-posts/patch-1-11-announcing-our-anti-cheat-and-tier-patch-system.html]
[assets.website-files.com/5f8aeaae8ac5021ec2825b1a/61088adb648abf40fbd6cc69_Gamercraft Patch System.png]
[gamercraft.com/blog-posts/how-to-voice-comms-for-competitive-league-of-legends-play.html]
[assets.website-files.com/5f8aeaae8ac5021ec2825b1a/610868e3a131fe4464fa7c9c_DpFcOzmXUAAePRy.jpg]
[gamercraft.com/blog-posts/champion-synergy-protect-the-adc-team-composition.html]
[assets.website-files.com/5f8aeaae8ac5021ec2825b1a/6104390500886932e302f30f_maxresdefault.jpg]
[gamercraft.com/blog-posts/league-of-legends-mid-patch-review-patch-11-15.html]
[assets.website-files.com/5f8aeaae8ac5021ec2825b1a/6101ec18e140256396478e4f_akshan-scaled.jpg]
[gamercraft.com/blog-posts/psychology-of-league-of-legends-tilt.html]
[assets.website-files.com/5f8aeaae8ac5021ec2825b1a/61019f2248d9fe9399aadad4_joshua-brian-smith-dunkmaster-darius.jpg]
[gamercraft.com/blog-posts/pro-play-by-play-fnc-vs-g2s-final-team-fight.html]
[assets.website-files.com/5f8aeaae8ac5021ec2825b1a/6100546b1e1a7d529077ac93_thumbnail1.png]
[gamercraft.com/blog-posts/how-to-recruit-teammates-for-league-of-legends-tournaments.html]
[assets.website-files.com/5f8aeaae8ac5021ec2825b1a/60feea629f036beb75991285_Screen Shot 2021-07-26 at 9.45.49 AM-min.png]
[gamercraft.com/blog-posts/champion-synergy-nidalee-twisted-fate.html]
[assets.website-files.com/5f8aeaae8ac5021ec2825b1a/60f73b4eddcb5e6aa46854a6_image.png]
[gamercraft.com/blog-posts/yuumi-champion-guide.html]
[assets.website-files.com/5f8aeaae8ac5021ec2825b1a/60f60bf64b33126efa935b05_battle-academia-yuumi-splash-art-lol-uhdpaper.com-4K-78.jpg]
[gamercraft.com/blog-posts/strategy-of-the-week-warding.html]
[assets.website-files.com/5f8aeaae8ac5021ec2825b1a/60f1ee973c80d05fac04232f_LoL-Summoners-Rift-Official-Artwork-Riot-Games.jpg]
[gamercraft.com/blog-posts/mid-patch-review-patch-11-14.html]
[assets.website-files.com/5f8aeaae8ac5021ec2825b1a/60ef139e7502b452898deea3_ireliasplashart.jpg]
[gamercraft.com/blog-posts/pro-play-by-play-g2s-notorious-elder-drake.html]
[assets.website-files.com/5f8aeaae8ac5021ec2825b1a/60edd7af77c9e67433ceaf53_elderdragon.jpg]
[gamercraft.com/blog-posts/pro-play-by-play-odoamnes-kennen.html]
[assets.website-files.com/5f8aeaae8ac5021ec2825b1a/60e6053b691de7324a2876c7_Skin_Splash_Infernal_Kennen.jpg]
[gamercraft.com/blog-posts/dr-mundo-champion-guide.html]
[assets.website-files.com/5f8aeaae8ac5021ec2825b1a/60e4cd425960f802b967cc72_Mundo_base.jpg]
[gamercraft.com/blog-posts/how-to-constructive-criticism.html]
[assets.website-files.com/5f8aeaae8ac5021ec2825b1a/60df7a63248f3067d2661697_Shaco_0.jpg]
[gamercraft.com/blog-posts/psychology-of-league-priming.html]
[assets.website-files.com/5f8aeaae8ac5021ec2825b1a/60dd053c9c2088e7fcf2011f_Priming.png]
[gamercraft.com/blog-posts/strategy-of-the-week-turret-plating.html]
[assets.website-files.com/5f8aeaae8ac5021ec2825b1a/60dcd417ec866a80901a8dc7_gi-modes-sr-defend-and-destroy.jpg]
[gamercraft.com/blog-posts/league-of-legends-lulu-champion-breakdown.html]
[assets.website-files.com/5f8aeaae8ac5021ec2825b1a/60a57ca3bed99f00eea18a43_Lulu-Art.jpg]
[gamercraft.com/blog-posts/league-of-legends-seraphine-champion-breakdown.html]
[assets.website-files.com/5f8aeaae8ac5021ec2825b1a/60999dfee2698a1720161640_Seraphines.jpg]
[gamercraft.com/blog-posts/the-psychology-of-league-the-sunk-cost-fallacy.html]
[assets.website-files.com/5f8aeaae8ac5021ec2825b1a/608c58861e7f534d01f396d8_image.png]
[gamercraft.com/blog-posts/how-to-enemy-scouting-in-league-of-legends.html]
[assets.website-files.com/5f8aeaae8ac5021ec2825b1a/6089b6547c441017ecd67e5f_image2.png]
[gamercraft.com/blog-posts/league-of-legends-patch-overview.html]
[assets.website-files.com/5f8aeaae8ac5021ec2825b1a/612910e9fff8291bbde450d2_league-of-legends-viego-pentakill-splash.jpg]
[gamercraft.com/blog-posts/strategy-of-the-week-support-roaming.html]
[assets.website-files.com/5f8aeaae8ac5021ec2825b1a/60870ce40af814806440f893_SupportRoaming_Blog2.png]
[gamercraft.com/blog-posts/league-of-legends-champion-synergy-seraphine-and-ashe.html]
[assets.website-files.com/5f8aeaae8ac5021ec2825b1a/608327250217e0e9df4958c5_AsheSeraphine.png]
[assets.website-files.com/5f8aeaae8ac5021ec2825b1a/607dc08ea33a216e1fa8c80b_Darius_LunarBeastSkin.jpg]
[gamercraft.com/blog-posts/mikeyeung-partners-with-gamercraft.html]
[assets.website-files.com/5f8aeaae8ac5021ec2825b1a/607dbdab60f1f4120b2066c9_607cac0940ca3b46f13e87a1_mikeyeung.jpg]
[gamercraft.com/blog-posts/gwen-champion-breakdown.html]
[assets.website-files.com/5f8aeaae8ac5021ec2825b1a/607db72660f1f4d497203bad_607cacfae6616e59c0262a3c_Gwen 2 (1).jpg]
[gamercraft.com/blog.html]
[app.viral-loops.com/client/vl/vl.min.js]
[gamercraft.com/android.html]
[assets.website-files.com/5f8aeaae8244764ce3e625a5/60e86ad5d5391c3da3b81fc7_android-btn.png]
[gamercraft.com/send-app.html]
[gamercraft.com/sign-in.html]
[gamercraft.com/terms-of-use.html]
[gamercraft.com/privacy.html]
[assets.website-files.com/5f8aeaae8244764ce3e625a5/606b1265771a1ace49b3ea7a_Group 1285 (1).png]
[gamercraft.com/partners/join-the-program.html]
[gamercraft.com/partners/login.html]
[assets.website-files.com/5f8aeaae8244764ce3e625a5/606b14be09bea405ed18289f_Group 1287.png]
[assets.website-files.com/5f8aeaae8244764ce3e625a5/606b155d0b7cdadfbd7634e4_Group 1288.png]
[assets.website-files.com/5f8aeaae8244764ce3e625a5/606b155d2bd9d534846701cd_Group 1290.png]
[assets.website-files.com/5f8aeaae8244764ce3e625a5/606b155d9c3b850278849c6a_Group 1289.png]
[assets.website-files.com/5f8aeaae8244764ce3e625a5/606b167d9386fc1a83b455ad_Subtract.png]
[assets.website-files.com/5f8aeaae8244764ce3e625a5/606b182df45cd323d8748095_Group 1153.png]
[assets.website-files.com/5f8aeaae8244764ce3e625a5/606b1b9e89ad7f044ab89968_Group 1224.png]
[assets.website-files.com/5f8aeaae8244764ce3e625a5/606b21bf8255e4415bf3e9cc_Group 1291.png]
[assets.website-files.com/5f8aeaae8244764ce3e625a5/606b27fe9386fc5c14b4b5eb_Group 1292.png]
[assets.website-files.com/5f8aeaae8244764ce3e625a5/606b2845a382c13447af85ca_Group 1293.png]
[assets.website-files.com/5f8aeaae8244764ce3e625a5/606b28859386fc9462b4b925_Group 1152.png]
[gamercraft.com/partners/program.html]
[assets.website-files.com/5f8aeaae8244764ce3e625a5/5f9e2d092817be1f2182ec1a_Teammates.png]
[assets.website-files.com/5f8aeaae8244764ce3e625a5/5f9e2c9f99175cf35975969d_testimonial.png]
[gamercraft.com/jobs/software-engineer.html]
[gamercraft.com/careers.html]
[cdnjs.cloudflare.com/ajax/libs/tocbot/4.11.1/tocbot.css]
[assets.website-files.com/5f8aeaae8244764ce3e625a5/603cfe186939bf4d54ecba4d_header character (1).png]
[assets.website-files.com/5f8aeaae8244764ce3e625a5/603d0ef00fba8382639b5e90_tourney3.png]
[assets.website-files.com/5f8aeaae8244764ce3e625a5/603d0ef0c48b391e37ba33c5_tourney2.png]
[assets.website-files.com/5f8aeaae8244764ce3e625a5/603d0eef420ab10c6b81b5ab_tourney4.png]
[assets.website-files.com/5f8aeaae8244764ce3e625a5/603d0ef0b734891d3a11d3bb_tourney5.png]
[assets.website-files.com/5f8aeaae8244764ce3e625a5/604271e0849e8b532d5f85b7_All_Out_ARAM_Monday.png]
[assets.website-files.com/5f8aeaae8244764ce3e625a5/604272357b79a1b9d7e60108_Rift_Rumble.png]
[assets.website-files.com/5f8aeaae8244764ce3e625a5/604271e03f6cc819251b13e0_Diamond_to_GM.png]
[assets.website-files.com/5f8aeaae8244764ce3e625a5/604271e058259d3aed7d5b43_All_Out_ARAM_Thursday.png]
[assets.website-files.com/5f8aeaae8244764ce3e625a5/603d1865578268f8392c1d1a_step1-play.png]
[assets.website-files.com/5f8aeaae8244764ce3e625a5/603d186504655c24212d6958_step2-play.png]
[assets.website-files.com/5f8aeaae8244764ce3e625a5/603d186588905313c04f35d0_step3-play.png]
[gamercraft.com/old-home-2.html]
[assets.website-files.com/5f8aeaae8244764ce3e625a5/608046b13b42f9680dbae109_Discord-Logo-Color 1.png]
[assets.website-files.com/5f8aeaae8244764ce3e625a5/608046b48c4568bed9966330_image 14.png]
[assets.website-files.com/5f8aeaae8244764ce3e625a5/608046a84a4ec91a84d622cf_image 15 (2).png]
[assets.website-files.com/5f8aeaae8244764ce3e625a5/608046a6282a62ebd39612f5_image 15 (1).png]
[assets.website-files.com/5f8aeaae8ac5021ec2825b1a/61b2882eaf293257661660e4_6taDM3ahqZ-gBD-rs9VpdcV3LReEJpIghc_O_eY1iJFTsyVpLyaIuzst5bJKewVGCQAZCh-Fiw3rkvmOb0GrFiYafScXG3x7AEJPjDzSs4XWEZpe4Y]
[assets.website-files.com/5f8aeaae8244764ce3e625a5/608046a991c24f086d87b2bc_image 15 (3).png]
[assets.website-files.com/5f8aeaae8244764ce3e625a5/608046aa91c24f121a87b2be_image 15 (4).png]
[gamercraft.com/blog-posts/champion-breakdown-miss-fortune-support.html]
[gamercraft.com/blog-posts/midpatch-review-patch-11-23.html]
[assets.website-files.com/5f8aeaae8ac5021ec2825b1a/61b2882f7177f69bf2e5190c_ql3xQPvzUECi4Al1O-cQSz0jsD3dhvZ-MK-bR5RhdWGrhoL85CnUXe2n6XgCvgEhjMrBec-Oz7elRz8kh-KgMoK69BOubpSetJymNJwi-wxf55M_53]
[assets.website-files.com/5f8aeaae8ac5021ec2825b1a/61b2882e4bb1cb9ef78abe40_gbvDPEcJO-PSz4grNqm_BjnjiEm_R7vVCMAavYUsKqM68SqcteUAvIn51grUvZcQHA6krnQ6zx7etEAp7IYrBqZYjp6-BheYT-rLEbQGgVSahgGBK3]
[assets.website-files.com/5f8aeaae8ac5021ec2825b1a/61a550d06b012eee6f1f325d_qKVRrZkuGBbag5UZ0OEUyHZVG-8zd2SSfVUxA9PXY5lcD_cZpWEhjM9IWyeAUJuPm_PMO_N8OyAmDXd8MMstBjQUMer6M5TUwLXs8vUgDSUXUoVoZN]
[gamercraft.com/blog-posts/preseason-preview-objective-bounties.html]
[assets.website-files.com/5f8aeaae8ac5021ec2825b1a/61a54e946c458939718ad765_crkZKZRNY2AC4ycL8pP-o8ISfEmK76--7Op2-1HOAUltiwrYP9FXF_E2ykq2s0y7bw8GR3wPb_sDwremmAO6X9n4Gwiva37EwDs8RwF5df0KSRudzv]
[assets.website-files.com/5f8aeaae8ac5021ec2825b1a/61a550d00eb47161e8099cae_D1SBBlp8MExqbQCehOt3AEJW7v-pigGYUnSWjGDnC5EOQOYYaf8TQPp3u5fkmLyHSxAmRHy8cI94nUVaj8xJ4fP7LBN2MHF9HcsPA6dT09oEpcCEGi]
[gamercraft.com/blog/champion-breakdown-series.html]
[gamercraft.com/blog/how-to-series.html]
[gamercraft.com/blog/ability-combos-series.html]
[gamercraft.com/blog/patch-overview-series.html]
[gamercraft.com/blog/strategy-week-series.html]
[gamercraft.com/blog/meta-changes-series.html]
[gamercraft.com/blog-posts/preseason-preview-patch-11-23-damage-item-changes.html]
[assets.website-files.com/5f8aeaae8ac5021ec2825b1a/61a54e5a1c6c56d43dd9e006_JmqlQb5p3A4RqmHi9YXTQGOdLVGbMjizKNKkndKQdlpKCEnyIv5pyZG9lYqW-t5CH16Lnhv-OOvaiv-drxRgaeL0OOpXflU2nSlu1r_Xag92WEY3KQ]
[gamercraft.com/blog-posts/preseason-preview-patch-11-23-tank-item-changes.html]
[assets.website-files.com/5f8aeaae8ac5021ec2825b1a/61a54e5a1b706a5997074a8d_IdDKB8rUuUZ2RSd4tp9iRnFN8JJbpP2lHKTcxSeNUROh-h0pHwPzDpbp1ncJZe0Rh077N-YzRE7N50j18sGEYUsMDiTgMOC__0u7WN51bYfFjRaKxU]
[assets.website-files.com/5f8aeaae8ac5021ec2825b1a/61a54e5a5aa6b0f88503eed9_9DYXEh_mPOLFRcJU6S03aocKNYAX7L2t_J5a-bgJCDAVpU6EUsKtwdrTtguGAE7Uyw0EyQaU3n9QLV-ZxBOzoiQkVmRCrQx3rp5srDYVOaCMFW0hRx]
[gamercraft.com/blog-posts/midpatch-review-league-of-legends-patch-11-22.html]
[assets.website-files.com/5f8aeaae8ac5021ec2825b1a/613b9d94d93b7589dcfc8a37_prJyattbUU7zZRh5MLoFoSXc88wwdGi7k3-bucQKWn8HxhZmNcFut4pH6MpqSnPFCehn4gcwqyOp8GESPS1zTOAYn0GqpOAUOlJJtODk1IlXdiyWqD]
[assets.website-files.com/5f8aeaae8ac5021ec2825b1a/61a54e3777394c4498242a36_usQIvUe-t_sXpSnW355o0_Gs3_FpKi9ZJka-Y7_QDwciFd5Ala4wEYPreM-4vt0IRAGgF1Z84NFH5n9A_vENj_TYo9elfCqq1_0M64BW4dosPx0b_d]
[gamercraft.com/blog-posts/preseason-preview-runes.html]
[assets.website-files.com/5f8aeaae8ac5021ec2825b1a/61a54e37a1f1e609d31dcf5e_ZfMBfq8SgNTKoio3Enoa0pe7Z1A-TYc6O_q7Amy36LN4ioAZOSwXLq89Bfz-xV7ZzwnJS_vjmpMrkftUjppdxTJ-vGI9CZIfvAZ3zTixJ5p9zOA3yA]
[assets.website-files.com/5f8aeaae8ac5021ec2825b1a/618eeaca370951504eb5f3b4_bPhLt9voYjqI3OKf_dgOiB1Q0eZZ7KNw3jXvMBWfQ4Yrr1oaSsGeDDbuJJrj3OGX0zCWtwKcJQO15qtTPlawDigG6kNjEyu3fWQTQ3zgPW713zwax4]
[gamercraft.com/blog-posts/pro-play-by-play-mad-vs-dk.html]
[assets.website-files.com/5f8aeaae8ac5021ec2825b1a/618eeacaa4ecef217ebe5780_zkwWh7QTDTBtr6OH_geJpGEoijm3oHBnOFqWgnljH-pxDuh7kWmx6njexBkfyhEGltcJwP2UC2hAbre5mlnvbpA-KNUFRs_aXCXhlw9TDckEqZbLQ3]
[assets.website-files.com/5f8aeaae8ac5021ec2825b1a/618eeaca370951d84db5f3b3_tz9ziv_qcEc8sqgMJ2HwxkhHnGafdR3ydsWIGXbd0N8fMFzmV3TKQ3UmKTZ1AAf1sj5pzzd-AHbas7lkmV6FBofOQBr3U9Y3pz0X08ChHHlVB9JPpX]
[gamercraft.com/blog-posts/worlds-wrapped-grand-finals-dk-vs-edg.html]
[assets.website-files.com/5f8aeaae8ac5021ec2825b1a/618c4bb323a78e76093e5ad0_5VB-tu-KepZsqbBRUvaLnOCQePKIfvfDxF2fXoDZXicxNoyHYOb51nQ0IjMRyhP4ZzHYrwKgDk09i10WSV5QQ_vA9rok9_9-Om8NBU_Sqra93fHObd]
[assets.website-files.com/5f8aeaae8ac5021ec2825b1a/618c4bb3016383613a1ade7b_MI_pUAZ7UUi7wRLDuv8L2CwxsE1lAnDDOIxIWnFREJDz1Iiu5Ns8jnGI51O7Xvj_ylwHAV3oLsl361TsiEjGPtLqXLv0mdhm9xeITYvJJejRTQ19rN]
[gamercraft.com/blog-posts/league-of-legends-patch-11-22-overview.html]
[assets.website-files.com/5f8aeaae8ac5021ec2825b1a/618c4bb3c1090f7856b0d61b_dzUS3Qu3zg06pCo5chqcmmS71QDtASkoovvodGbV8h4NZLpurW2wQEVk9A4WzjV5D7mJrGzTfKvlxUJGUqS84yIeF9I7_oJJHzPurMLu7E2fyb_089]
[assets.website-files.com/5f8aeaae8ac5021ec2825b1a/618c4bb345d18e80adfa5ff4_u_Xuk3FjrrC53tdvB4eVc_ZkJpBXRMIUNs_EN7u_CbXYyD9cdy8e9L35y08VV6YNgXBFHirqJFIlV5-_fjV3GXEj4aU4ncV8RWiS66ARtsA1wLiYE9]
[gamercraft.com/blog-posts/pre-season-preview-drakes.html]
[assets.website-files.com/5f8aeaae8ac5021ec2825b1a/618c4bb362efee0aa7741243_nZRBramhUebbzApoa_cuUqfZQZ2WbbhlDEpqFTrHsF_JFMLHaaZLNGVrxGkt6Hthw7utRDMPA0aZBeivE4BFL19OaI-EaS_wtQXwEj15jNXofw85Hp]
[gamercraft.com/index2d88.html]
[gamercraft.com/blog-posts/champion-synergy-miss-fortune-and-leona.html]
[assets.website-files.com/5f8aeaae8ac5021ec2825b1a/618c4bb33ba8e0ceffb317a8_J1cE7SXbUOxpY0iiw22_xOJefXuoojolxcUMPea45SMdFT7cA28N62BDO9I5tZNxVrNdMSy-OwNuqA3SEHuN_ZXYgnI2v_aGJEetE0e1TMgba105LL]
[assets.website-files.com/5f8aeaae8ac5021ec2825b1a/618c4bb4b74655f4970cdae8_VK55OewN9IZfVsLGF74zP0c3AZE9uJ-IBWZt_PhHODccnPWIaqwzNaiSJYkkNEZWr0IDaSG2SHGoBdHNKv1HHBhUs6GzPlbcHiLTGqZ_RaP1Szy0re]
[assets.website-files.com/5f8aeaae8ac5021ec2825b1a/618c4bb4965b604f01530978_4nOftkx9Twrk9OGDx9liw_G3qbOiIrSAKqaHru8mFew6qF6iEWaHBG4ARQn4CTOxw1xTyQHx0Pw00xWEc4x2TxLcIOWRyJnETU-bKNLUswdWYpT6pb]
[gamercraft.com/blog-posts/pro-play-by-play-fnc-vs-hle.html]
[assets.website-files.com/5f8aeaae8ac5021ec2825b1a/6189778ad151502006e1a1f2_XMkkRy69zrAvTiKX9bySAMR0fcEgsWqpmfpOBeqCNaLfrnGcRfUHRMjqIsjvLaM2A-QlVPD4SR3wmfIdBClIFlg9_vs-CE7MyollF5jEvux4b4lBFz]
[assets.website-files.com/5f8aeaae8ac5021ec2825b1a/6189778afc538a10623d3725_KpBzurZic110B-VX9jSp7anAwmkvC4huMOPyXR42TCmg3qKoRfyOpINW7nuT2OYSJu7a81c-QGrBl4o_oM3cQWrEOBYAq5JW1Q4kbq7eEaGPVfWjln]
[gamercraft.com/blog-posts/team-comp-analysis-worlds-edition.html]
[assets.website-files.com/5f8aeaae8ac5021ec2825b1a/6189778b4a0ff2a0c4fb5e0e_t_Wbcr7-pH-pZJP7xcmhr623ZfrSPvEEoV9KBIBTtuV-Q3JmdcrKR249Ucm2480DTYEuCazhdTb-Mviwl5llvKbTy6Vg4qmfzBPSNf2F0T8Qq69fX9]
[gamercraft.com/blog-posts/worlds-wrapped-semifinals-edg-vs-gen-g.html]
[assets.website-files.com/5f8aeaae8ac5021ec2825b1a/6189778b0912bc78ab54f21c_SP4dvutkfe8m4w4U_Z0bvpqcTuDK4MpbPBUOZUZGGBOsNR1olhkJrcBYNcllg42qlpMB_JxZL8GFH_libimshppiAWkDgtKerrR4BJ0ZUOJwAoFEQw]
[assets.website-files.com/5f8aeaae8ac5021ec2825b1a/6189778b0ca51969eab8aff3_ToVm5_w8S2e4tFMbHBVEpW_j7Itig0V4cF-P3CfWIZlBjuh7rkosBZ12EabiYAeDpgTcOC0bO25056tw2KtsgXnYtdxll5-6l-2U12LnQcHX1N06ax]
[assets.website-files.com/5f8aeaae8ac5021ec2825b1a/6184300b3ccd5318f9fba991_-fEfKzZjhGcBDQ4BztlkKAgsgkdaxBO5VLnYkcr4ONxJ7A3507dzNJpHoh5VTH3CsWmPHoZs4sBZMfQUqpM779IerE407QIfD7dPuG2LKPByzhLYgx]
[gamercraft.com/blog-posts/worlds-wrapped-semifinals-dk-vs-t1.html]
[assets.website-files.com/5f8aeaae8ac5021ec2825b1a/6184300b3bca94f3b4b47d43_zmgCxU4QpQI69XLWDl6Y8UDJX4hXnoZmTConGp8K4Dfo60UnIg3HAzpJuO1i3RH8e6SdNXig3zJE8C5k_AwzUUGqWI8BvqXN2OgrrOtcGqDPYwgsGg]
[assets.website-files.com/5f8aeaae8ac5021ec2825b1a/6182e8ac48c6d29e2f9ec554_QevKZ7VGMEN-X_kJK6gADMr3U0IslYP2NMF7znOIZS6PRSa-lZFyIUC5rDO1ZssWMlY3KWmfmJQOVL2M0ANjfRW4Vh-Ob-Y3OZ4-su8WRrgz3fa3rE]
[gamercraft.com/blog-posts/worlds-wrapped-quarter-finals-c9-vs-gen-g.html]
[assets.website-files.com/5f8aeaae8ac5021ec2825b1a/6182e6e30131c668b1c072be_FntYXvOABz-VMCfFa4EkYQSznGe1WbkxnmaKWt5TImuD4TDNYKAn6xYg9h286myf9jKAiGnx0f0yaPf8LD9zn9e7oCDJxKxfSG3cExLRmzPuuEBxwK]
[assets.website-files.com/5f8aeaae8ac5021ec2825b1a/6182e6e3ebcfe260c47102cc_x5q5QPLVaNuDeDQ2c9QjYnNWl_qKTjZ5Q0J9klq0revYs0rBXcZdpv4Usfjf9-ppFFdD9kXK0YwNeQRDEp5iXN-BCf6BybxmgUiE_Sf3qtzrGtByVJ]
[gamercraft.com/blog-posts/worlds-wrapped-quarter-finals-edg-vs-rng-dk-vs-mad.html]
[assets.website-files.com/5f8aeaae8ac5021ec2825b1a/6182e6e374a44efd87a7d09b_xfTP7sj4hK0bYs-5C3ljC3uflzGiIukxNvnAqLNRerN3FFFngdUX1fs1quCynqcZpcf2lAvRGBE7XiHEjgbkTgT0TKnI2xUe19CrwrtSjap9a6i83C]
[assets.website-files.com/5f8aeaae8ac5021ec2825b1a/6182e6e358c45b09500bd0f0_zOy72D3BUPP5WR9qfcvjrJz5Z3_cv1fV6Ec1kHahNCcDiCgWEXqF-xNOsB8C1CHiWx-L27TAZCfzIrGxUPO5FUKYrar4Q2oSHQa9wyAdIHBoTr2gyW]
[gamercraft.com/blog-posts/patch-11-21-overview.html]
[assets.website-files.com/5f8aeaae8ac5021ec2825b1a/6182e6e3d040b202686706df_vFw-ojccstyPEnMBWG_1AKdmFUL32k4TS3nrxDlsMC0YYq4NK6smdy1pQm9mGPuWyNrE3o_xmkpou4OqsuaKqC-lAzzwG56PTa7ie1hb9eaAdSW1Oz]
[gamercraft.com/blog-posts/worlds-wrapped-quarter-finals-t1-vs-hle.html]
[assets.website-files.com/5f8aeaae8ac5021ec2825b1a/6182e6e462c8da6395d3fe0c_0i_Vlej2vf2lRsW78YKVNBtZhls9AXCm_Nht_hLTLvsVZS8UoILth5V_AEOgUsTCtKYbWix9uKwCKygUQ4XOgETA5XJa1HsYldAbnQYzatjbClhPGR]
[assets.website-files.com/5f8aeaae8ac5021ec2825b1a/6182e6e3445ca544b698a7ed_ylKnYHAXHG0MYFAJrFPf2U89R5oot8sRBRbguA-e7xnsL0G0Lkw33l1p2DYsAZS9M7p1ZORN7DoLAPr-30LbXPEu_QpXyHquiGg1WgI0GgPQlfiiIa]
[assets.website-files.com/5f8aeaae8ac5021ec2825b1a/6182e6e433ff256236eec132_NjGBngtx88jwM5gdtIZNrRzhHS6qZzIZgmZUxPqb2B7z7cb1HBQsQCUgiVcZp2Pah5sxQE7GBbEgPvl1abLea0a8qsGhnGU2h7hToJ3ru8PJMQn-ds]
[gamercraft.com/blog-posts/strategy-of-the-week-rift-herald.html]
[assets.website-files.com/5f8aeaae8ac5021ec2825b1a/6182e6e315c04b3e3473a17b_v1MXNDz6PlKpwIlWdb1xOIF8IpJJ3t_UgXN-faYpbLUPz2A50TAVuwzJUlrxRlgLu-2ZoQd1oynCKZ11_npKhhNBHtopd-IWYumdR1cRT3pv3JF39_]
[assets.website-files.com/5f8aeaae8ac5021ec2825b1a/615f333ac769d239accf5666_A8xg17kPbu9va4VW0Mtfm4GeOYVgkZkdLh_CX376Q0tkAc2e9pJDsIWbr5Amds87J9QojWgrP_n3A8V8VPCLYWBFZRebCkxAsramwyshkpHV0VSLQn]
[assets.website-files.com/5f8aeaae8ac5021ec2825b1a/6181a7f84dcfee8f75615372_OOF91u0LrmsElrYyuAU9eSLQjPfPFmtXOoqgJbCmsq_0oRbWxX9ftah2GVasg-nQ_jReW6KxmOij81LX0o7lQY5VZ22jKuI4gWn24Ifth78saYF_p2]
[gamercraft.com/blog-posts/strategy-of-the-week-level-1-invades.html]
[gamercraft.com/blog-posts/worlds-wrapped-group-stage-day-7.html]
[assets.website-files.com/5f8aeaae8ac5021ec2825b1a/6181a7f8ac174d46aadc6e70_rlcfO-McOkVnAtfYWrYcKBJwztENy9nAagyHZDJ_D0EdcUU63WWj9irh-V4NXl5s_VHyITMHh8hqT2Wyv70OyA7urqJqhVrpYow17YOBrSheA9S6VQ]
[assets.website-files.com/5f8aeaae8ac5021ec2825b1a/61802c63f49c3d37a479c9a4_Bvp4hPiHV6nTSzKM06VwM7wsmjlMOtv829xQP6dNxNGmiKIgk3EZHwwZQhcCN7fKEdeFtfWZNFUh6q2SlTKiLeso7PxfM5XblZRdWKl5JvAj6UMeLT]
[assets.website-files.com/5f8aeaae8ac5021ec2825b1a/61802c6302f4584d99961547_zP-Wbwn64Vam_norqMjA3YHqVTPV16027QufHv6-npxTzDokLnTspg5Bg7mlIyqqaMNLhy4iXjFXFiu68dPOu_GqaVuD3KAXND-KjKeuXevFPq6DXl]
[gamercraft.com/blog-posts/worlds-wrapped-group-stage-day-6.html]
[gamercraft.com/blog-posts/worlds-wrapped-group-stage-day-5.html]
[assets.website-files.com/5f8aeaae8ac5021ec2825b1a/61802c63eb03dd9ff8f21c7e_NeZz4xKRkAgxvR7IpTDqhFkWMeHzFXM5-dI21GzLI068Tikq1-GHk2LRP9YuhZ5dj_qQV-VNmOGK29wS1BfNY8sSsvwbFA3DUzoH1Yi41iF5md_LIy]
[assets.website-files.com/5f8aeaae8ac5021ec2825b1a/617ee03c90cf14303819d6a2_hWmiS1YKyldgWPkni7JGbIEE6MAWJY2kpkb0IWX6ZSaaBB7NeSXb_XgRg_0uSc0b6QQTH9jYlXI6YNJiUIKTeJDVtmRKk2wFRuCQvUSyIpfIPMymBE]
[gamercraft.com/blog-posts/worlds-wrapped-group-stage-day-4.html]
[assets.website-files.com/5f8aeaae8ac5021ec2825b1a/617ee03c6b8fde338d27b44a_HI-Wcc1ZF-qoInczJVkx_T-UkUxoeW7GWJnaqy_AkXYIO4awT5XSksmvhurte1qvTTaQO8WmF9Z0y6HVk_pQm4htrHqIgI3yKdhxoJ97P1bu96jd7i]
[assets.website-files.com/5f8aeaae8ac5021ec2825b1a/617ee03c3f36044b67ec7709_exKUtrtg7eV0v0iPF1-e0bFgjqwMmyUfPq4_kFNSrj8dRQ3tpfcl_k_aaD2otPNBu9ngX5_eNwaVqBlZHrD8gU-VhuAwQ5Opn16aoXyI_TSWw0BelD]
[assets.website-files.com/5f8aeaae8ac5021ec2825b1a/617ee03c13ff217838a162fc_4ITzRQe5JXDSsK8T7vMJHxqE8pSV4lpxlKobXCCKNBB5BHgAwPbgvecLIYuqfnZv2DldMnVUpO8_hoz-3UJ_eNeUjnFHOpu_yN0wbycxoZeufkAmLK]
[gamercraft.com/blog-posts/pro-play-by-play-c9-vs-dfm.html]
[gamercraft.com/blog-posts/champion-synergy-lucian-and-nami.html]
[assets.website-files.com/5f8aeaae8ac5021ec2825b1a/6176ef85a5161483ba774eae_f02nujSQqk5kqHYZGwTviIoL6bi9mXtpEuRHmetY-8NgW5Z0djYd00Rd-Bxm616Ub99LYCQIpErWdiMJdFEBI5yw9tDo3Zei7wnXBvh9T80DSMzmNZ]
[assets.website-files.com/5f8aeaae8ac5021ec2825b1a/6176ef855c8bc5f9afd0f4fc_fQRXx3-Vz3YcU9l7KncFbwBz1V54VFC_pOtKGp8suvcUy7ieG3mlEI9CgQQ75QHwGAJJcMZ6jEVFYbZJQ5vA8FygTA9WEzzxSR_SyNvqnoC-_qX00C]
[assets.website-files.com/5f8aeaae8ac5021ec2825b1a/6176ef867e29073eadb29eaa_JCMTl8R_2KP9cflUx9AaTsRsU71RsdfY34jLW5zLe3tsaMGG1GXtarq79KJDb7jxU4pI2RoEfC35vDCQqkKMh6ru8yW0bD_bHng8QM3v-UrWOa0J-c]
[gamercraft.com/blog-posts/worlds-wrapped-group-stage-day-3.html]
[assets.website-files.com/5f8aeaae8ac5021ec2825b1a/6176eab1f7f3f9bdecd0ff7b_Q6NLmIjAPi2Nui_tfLe64wU5rcQMxGNkgMcOwtg2hmaubrGN9v1OzuTnv9FYUGAtBpRv6YMZn7Z-_sMaTFmDSRpsoYppjqb02uaxrElmYM-r-1ivL9]
[gamercraft.com/blog-posts/worlds-wrapped-group-stage-day-2.html]
[assets.website-files.com/5f8aeaae8ac5021ec2825b1a/6176eab20b4940bf8a843462_bc6Ze-sd1tWSbI_aMYUaZkWFD4A1e6OslSJ0epcUggbpa7YD0LCAfZT_x-osu7g-WOCDyV4sXWk2_VkQ91lwNUfN10ZGn9CowiJXrb-jn11jJySr_R]
[assets.website-files.com/5f8aeaae8ac5021ec2825b1a/6176eabf7c802a0195148100_a5cG3ip37qQ9CzE9K1ShRRETCo1936nDLdsENnplHxnCQn5PnK2Jss9-3pz92otYT1E0ZA5qXLWN6VbDktDyCyAz67WkWb4Pq3bFDIDX2OfJpxtJul]
[assets.website-files.com/5f8aeaae8ac5021ec2825b1a/6176eac07e2907f723b28bca_T5aoKVDjqXsAWNB2bEp4nFvKffhBKcYKjNeleAf5xsIc7szKjWLdSKKibJsaOhT1iMopDaI7BgersLDoRmvSJlq-1j8kdv5LPuLR4B4K9_A34JQ1_g]
[gamercraft.com/blog-posts/worlds-wrapped-group-stage-day-1.html]
[assets.website-files.com/5f8aeaae8ac5021ec2825b1a/61732c2f16bbea19601a2ca2_7i5GP5F8OYfI3XNDB3zAgbLlLSrzgsfdjSlSk8-w4uQnpubhRiPdp4_omXabWwQlo5wzwRC8mAe6aRSQCn-80dlpLzQyzgybgo_URzTOH1a3WCzo1x]
[gamercraft.com/blog-posts/worlds-wrapped-play-ins-day-5.html]
[assets.website-files.com/5f8aeaae8ac5021ec2825b1a/61732c2fa6a803716870076d_2AL3nhg4eEsDBvoPK8QIXZzD6rCAAZ5_ObFm4vcM_OAYNxcBCQwV2-RDbjzkIiAoknAJ7t4w27pL4vEracPtxEaGQibhyEO91W-_mjdNYlpbiwA48l]
[assets.website-files.com/5f8aeaae8ac5021ec2825b1a/61732c2fc7b2a558caea4ac9_Z0TcoFBork9cu_HSyUxzenX93uUXgwMmZN-b70vlRXVzGDU0CtGU9Y8eOyipl__33tBlq-3r1n7B3RxvaftnwTKZ0uemDrVs2DChv_sGyx1KBy8Mzk]
[assets.website-files.com/5f8aeaae8ac5021ec2825b1a/61732af8a788fd9326e975eb_dJgIQNLAbZm1JuOYo7Nm1FZLnp8-Zz4ktbCwxdrZ-gQXhiV4GBKmSGvfp0VjELG-GBuk5VuQaeTc0i88u_7_r-iVtKNIwzZExUBk27cR6vwS9MXLUb]
[gamercraft.com/blog-posts/worlds-wrapped-play-ins-day-4.html]
[assets.website-files.com/5f8aeaae8ac5021ec2825b1a/61732af817e12759b223b9cd_QHoSdi8eC4n9MfvZ5FquiKIRHUUxT2PKVPC9ixIG40Ae1ZqVQ38kMIBOb1euZwKGDNItzfYG75IGHegOL66w0slJL0JAbfMVk_Dot3RC22zhShRbrw]
[assets.website-files.com/5f8aeaae8ac5021ec2825b1a/616f45abad345870d43d631b_0Eze46Rxkd5ou1XtbDN2gUHxwlJokYS2v3f817yxeW-DHX-CEPIhC2rKyPMA2b19Vn9-cKaQ4qcKovzpk2FYUsBnGvedgslTmQdCf5iz2XR_sBxQpH]
[assets.website-files.com/5f8aeaae8ac5021ec2825b1a/616f45ab191fb9592f7fac10_NoW4yLt95BCF6m3cNeu9oAXF2wZAYCJJyA_kDF_Nku4iRhAl8tIFGMXPF6jz_8E0omT_TXRmDlr4elepAEkZBbSrDs8j-0-omrXdyoZVsVKi8uvwO1]
[assets.website-files.com/5f8aeaae8ac5021ec2825b1a/615f4d7c335de1498e0d84ff_unnamed1.png]
[assets.website-files.com/5f8aeaae8ac5021ec2825b1a/616f433f740dbd86435ba51c_MHXyUaNHEqG5jblTAYCTNcZpHBVzRTWe9QDgYVeFiqU0sP5JygJXgo_94b2R0DPnwMaJAm0ILpfrhc-LRk1paaN5PYqKMu7zRoPQ4Z0hMfA6bb9rHm]
[assets.website-files.com/5f8aeaae8ac5021ec2825b1a/616f45ac84f26de68c68e333_GT_xSjlGqvxKpwbxZKWcUCi85-lpKPaAnCgXHTFidx4lZ7MoUpjqNm-a4Vv0BLLHoN3ZochB3FnKCBkK-_JoG5ZlFy-s_eKGYGej4CbQh_2yQQkZi9]
[gamercraft.com/blog-posts/worlds-wrapped-play-ins-day-3.html]
[assets.website-files.com/5f8aeaae8ac5021ec2825b1a/616f433e3360b53f4fd103dd__PtfXNyffTCByLhcJPVxEsfVDf4WE5897Vauw3qUqSFw8En0Gv85LcKemU6PMWCPnjYcxXVzNGfl0vWSSBtrN323h1Sd_0oSSxJ-YGFGl-GzL_9ySz]
[gamercraft.com/blog-posts/league-of-legends-patch-11-20-overview.html]
[assets.website-files.com/5f8aeaae8ac5021ec2825b1a/616e05724ba5b62cc34b78e3_Y204rE5zMnv64XKH6ZqSY23f4CK7nYlMx2pmEpkFkjizR111dplpvq21NBouGltMyTyTHjUAI3JLafVkKUba-D00LS0zbYbcj-cG_Al3tOq4UlSkKz]
[assets.website-files.com/5f8aeaae8ac5021ec2825b1a/616e05721a96fdab640cfd96_lE_LAAgwZbda3X6KWSUpaq2tFhLe44J0YNfzQctmmkIae5qKW6zvUfInudrc79OumciRAnz6ZgHnUZ0OvhXFCDWAnSXmSXDfPcC6xxA2UCW3j7E5eR]
[assets.website-files.com/5f8aeaae8ac5021ec2825b1a/616e0572de21bde86b812a76_dWtk4NTZTgZc03Ff94_cdO0PqSQqzqKBCs9vCc84GhI4FoTxX1pO08g__mYf4OVxrzwB-2vw0Jn-YBT-INoBySIui64UMpu-B1Gcsp3d-DWdPaY2UJ]
[gamercraft.com/blog-posts/worlds-wrapped-play-ins-day-2.html]
[assets.website-files.com/5f8aeaae8ac5021ec2825b1a/616e05723c617301f1c508ed_oDlw4O5S0sJKwsX1J-vLz4Uw7zrFVjD-8OgxTvdyiHcqx8vjFFSIFEx9nD3TKz7SvGhHeV83lR-vLA-LR2iPs_N_S2AqRXdGzQROLKL_gty5N6sKPr]
[assets.website-files.com/5f8aeaae8ac5021ec2825b1a/616db5c0e34c9ab6d240010e_JMdI1QOZ46RhGUPnkoCOpw-DQwKwRmPiWKJjWIeMNf3Lbj6EFHxJHyfiSfEGnzGuRkLy-mpQ3kdLyhcMkQ9Rw5A1nMakA6N6AJ2nfYRyiL9DwwPQ2r]
[gamercraft.com/blog-posts/worlds-wrapped-play-ins-day-1.html]
[assets.website-files.com/5f8aeaae8ac5021ec2825b1a/616db5c17edca47cefde4451_YW47fmYVMrOBWZf2Rkzo8_jDLm8s-lINdsxryB09ic9oOXlLEH--ixrnPwxHUlYauGDvIyliL2clkHlirdIhoEc1itJPQILN92tAepRTOgdZ62uleb]
[assets.website-files.com/5f8aeaae8ac5021ec2825b1a/616db3df4402f5faf337777e_6bmgqAsH-_j881yJPc2fZ1Dtb2uCuI4Twtf1HJmHlmZZYHXTqx3BNycoMc2NG9SjWCuGfDP0bXrL9mUByaaeQWIqDc3TNJWzYmN3QE6qO02UfrC-eJ]
[assets.website-files.com/5f8aeaae8ac5021ec2825b1a/616db5c11158fe448d45b69d_wniyKFvyYS5aBLGjC_-kjA_dEeQhMbhpNua4IAHiPk9rgS7gLWexuhm0OlVEJAYEYgZH_lLZo9bq8_r1GuTLxSpoLK_8kYJkHujv98pvzTB04-ssHI]
[assets.website-files.com/5f8aeaae8ac5021ec2825b1a/616db3df9806d23bb3ca9a2e_TPQgyfhKnbqqavedOkh0ZJkxUENBB-gordgK6byatbEdxrCb9dNnPKMit_uMkPM7odCYg1WK1MLIGe0zNQ2oeKYzUGKxdED_lBlzpW-9rr76GLl8il]
[assets.website-files.com/5f8aeaae8ac5021ec2825b1a/615f2e207c936e80c8122d72_VEX Champion Breakdown Infographic.png]
[assets.website-files.com/5f8aeaae8ac5021ec2825b1a/616db3dfce48294138124da5_BD6VXkkeN0LDUDkm3Ba612Lyw-YjzLJbkP71JQvEqEGuT0BCfueI5p1EhWaAE-u6Y8dllPN_b0WJn68DHYb4BdQMTSF5DlEz26T82izAiRn0Wtk7QL]
[gamercraft.com/blog-posts/champion-breakdown-vex.html]
[assets.website-files.com/5f8aeaae8ac5021ec2825b1a/6169f9f317712002f24fce51_MmTpIVNPv3R8iqw_WPZ6v1rK9huE5MMA2NraahMLGJxiqNk0z-MO3Eq-7mX1UhU9n7mXQr_A8tu7jTYPfcCGq2Z9bA_O1oyIf1P2Hb6viyaqYcTtyQ]
[assets.website-files.com/5f8aeaae8ac5021ec2825b1a/6168a7e56c3a345f75ac685a_wCqxvo1ylT285SjCBfneHr5uxoDfz4ErVTuVnBDZkEdPrpRkyvRp0qHB9KLrPkAIDnoSN_NFr1_rWAZnNzPlRj4vYJDh6JfZYkOXz7Cgj_MkpVyEN_]
[gamercraft.com/blog-posts/pro-play-by-play-tl-vs-100t.html]
[assets.website-files.com/5f8aeaae8ac5021ec2825b1a/6168a7e5fb6a052ede2949bc_aVk0lCFx1QChcoWtJItp94kSnAbgwd55cv53SNGWlQqxVrX7Gd7DO88x-Ax7hTLu6yEgV5sg4gRbqeUHSZ__nNbUUYSHaZ0-GYBJ1ulLz2YAogaqyu]
[gamercraft.com/blog-posts/champion-breakdown-sona.html]
[assets.website-files.com/5f8aeaae8ac5021ec2825b1a/6168a7e6d179bf2729a4819f_hu86SL9qaDYTlwogEy-wuRmQ4NdjyZCwq-CrTXBq_L0JpgXPb7UCLZfEJR6TApUygESHj2SQvtYRiSl0V9xxMuItU2WbqNLf1i9j88s1ZwfLXshzy2]
[assets.website-files.com/5f8aeaae8ac5021ec2825b1a/6168a7e5471e873801bc3d40_eQT5ZivZEN_Im4YUWg8Qlfz6UtxJcr6rJwpeNGMDV7DRpyUM-hnEYgVH8hiueitBWmZdeM7-kcCcdl_pBylE-QbeWwQRnQ3ZN8J8KZGt9KSdxL8lpD]
[assets.website-files.com/5f8aeaae8ac5021ec2825b1a/6168a7e58776b02bc7e8b8ad_K01IeM1qsLLgBtMtXcweZs2PAw_Cxqyge6aPmSoM9QdCw6E2x7ctRxlZGf8RdI3tDkOU8ryjrlBFGDDeN4Z2_mxB0-S7dkiH-4Op6eT7Br1FdygnfC]
[gamercraft.com/blog-posts/league-of-legends-patch-11-19-overview.html]
[assets.website-files.com/5f8aeaae8ac5021ec2825b1a/6168a7e6999278ba8646e579_xhMYFFlXMlDwnheGFtc3VEsgzQzjed4ZVrijkV87VPCmSe2s9CFTHF-PCmy9ryIgWTEks0eHHz2hmYc6QBn7ecWCznMA-nabcGih7gYLcz-uwaDG6p]
[assets.website-files.com/5f8aeaae8ac5021ec2825b1a/6168a7e5da674c089e376998_GS4NpAQ6WI-JcPdGZvcnYZ14hh6XE6aUmbIt4XLcz-8edSi1jSpPuAI_CHDWv-JUt_9MNACXqxpwmOvm7-YV3xBAObRG3zuhBP8Qri-GpnJ3zP24ef]
[assets.website-files.com/5f8aeaae8ac5021ec2825b1a/6168a6beb4889f60caec58ea_zPsX3o12dKPcwEpPoR2-R7HYb7WvgxPX90ham7tBJjyno53oY7bsdTTa2942FISD3J0gwWm67uwAYL_7UVMoE5DDX-oFcaEDnR1DruaRc7f7AcgggX]
[gamercraft.com/blog-posts/team-comp-analysis-patch-11-19.html]
[assets.website-files.com/5f8aeaae8ac5021ec2825b1a/6168a6be74f3e54bd96e09f7_yxhSma-I1iv_ckvMKldrbhd9kU4yyJo-hx-sWMLMpNo6I-xfM8D73puEKNCM5eLyTt2eOSxra0BjD41QozHNyJmDWDSo91WdQCo1HtaQoJA3WC8yko]
[assets.website-files.com/5f8aeaae8ac5021ec2825b1a/6168a6bde12129bb532902d9_XHP_lRcZD62dhskx5aoo3wcj8QX3L8R5uL8oSamsaaYJfU5SQsjO_CK7h4gpu6PLj6qr9DA2FV-dhkKIPWy2aaAWLvy8PfYpfojaMWnjQYf-XPfBpW]
[gamercraft.com/blog-posts/pro-play-by-play-dk-vs-t1-lck-summer-finals.html]
[assets.website-files.com/5f8aeaae8ac5021ec2825b1a/6168a6bdfb6a05589b294488_Q-rwap883IYelAchAEtEsiGgNnTS9Iy_XVK4sRMq2TlxUjUTxV2CTk4utOMsaAE6rCtMofxDhq5JzvaEGmIde252WKfJXLJwTnhDbGT1dfnPV1ptTA]
[assets.website-files.com/5f8aeaae8ac5021ec2825b1a/61676bb0f804d7587c36f184_jM0KZ0ZRMuYi1GVJvENggymE-WDCRrYZeTcSf-o1ahAkgyImUNRLGtv4EOTqUJB8VdAGO7uiNQf854B08bZUqhSltxYOFha7cf-YEJMRjcgYimRNAW]
[gamercraft.com/blog-posts/team-comp-analysis-lec-playoffs.html]
[assets.website-files.com/5f8aeaae8ac5021ec2825b1a/61676bcc6746bb693e5d4318_L-fWFYxg_1hA126fShdV1sDSdSPEuxY2OmHeoCby5kLHFXZbR4H9QJ01YJhn66H2UXOx08XQ2QSyqDAuRN-CxXG0ro3SgCzNwxy3B2blcK4EL60dzA]
[assets.website-files.com/5f8aeaae8ac5021ec2825b1a/61662444dd3d6913cfe49252_Iq2xHgmNDQcB76UrDlF314bBW6Q7ecqFLA3hs0dv1Q4OfUcc2TBnhjAlobUQ8_tSeDeDCT5ZFcjTF2mKdnatA4YKwoyqmdCYISq4HYq69KQqFPdi0B]
[gamercraft.com/blog-posts/team-comp-analysis-lcs-finals.html]
[assets.website-files.com/5f8aeaae8ac5021ec2825b1a/616624997bc99ed7581ff6b2_6kAApjawVms91Nn-9in2TylYbRTlvu_aqwLx3FrQ-B2k8SIHxcfH3Xz5WHgTkv2Po_zQLPxxIFsphM9FwwVP_TXunrgfQXDgyRgUp47VzsAtm7eGPI]
[gamercraft.com/blog-posts/team-comp-analysis-patch-11-18.html]
[assets.website-files.com/5f8aeaae8ac5021ec2825b1a/616624b9e17ad13314bec1e7_-6RyuA4z5ioum8jB2OBeJ5TuIFxnDFgbB7WJqERKEOPLkZGCvagvBVOxIDua32WexgDtwIsaY5Rf4Fwf15gkG_bQ3cFBn4NQXgXpXa1xths9EoHlsz]
[assets.website-files.com/5f8aeaae8ac5021ec2825b1a/616624ef1068e32cffd8c297_chhKWlJeq7MJQ92bjxQQaOJ586ufU48rH8LCE9BoUUZx2GJVC4qtsPXax2DLAo3GFwzkjnia1ITKtFxP0l2Wb6P51pA3XiJ1J0BbkoXHJJHlFz09ZG]
[assets.website-files.com/5f8aeaae8ac5021ec2825b1a/61649c5a99cf8d7daf791bda_lppt_nmGYqzIw7Z68vNvMpDFQqSRDGqqTwGAkikC_5K7H5xc7d3ykjLPmBojC-5dtwQmqE07KnVZfjdKzNIBULh2EAfaZDQNBPyhGR4vHEGkRcK-GO]
[gamercraft.com/blog-posts/league-of-legends-patch-11-18-overview.html]
[assets.website-files.com/5f8aeaae8ac5021ec2825b1a/61649c5a71e9a66ddc402e72_V2UqAkIc-D5MQ1smmZnCREsYGxFWZBqr-8JhtRXXpzevuAXeoEkUYbEXTyP3YqK8xW61kPe3a2gyrdP1bTBHUB5f89jbGAVlEdns05Cqwo-4nREbfo]
[gamercraft.com/blog-posts/champion-synergy-ashe-and-braum.html]
[assets.website-files.com/5f8aeaae8ac5021ec2825b1a/6161e596a50b006bb64c6865_aZkw6KRdmITdJx2eFdAoYXXXCSqF9g8SlA-vMlzEmR3HvromWZFcwR2rgx8zQqBm_yQ-DF8D5pJScvfJ9qc8F1nrYI8OoIaPjs7SKaJl_wh6zfgYB_]
[assets.website-files.com/5f8aeaae8ac5021ec2825b1a/6161e596e2770f4d8a38e653_irkTsBLBnT2wwy4OC7IZul1jok0Qmc6BzQdaKDQI1i4JLfNSJZBKNCYhM2CPlzkADSInZ0igAORUhw0U-lpcFduj5n4m9REaCT0XqRRfvCYcbCMn06]
[assets.website-files.com/5f8aeaae8ac5021ec2825b1a/6161e596979535aaebd28881_D0Mv67b3-FCoFJsJ8iuq346pJThU3OyZ06REntG5WetQGvxZf3Ikh91FhXg5-vRCR9IcpBYjGHvFBGjLNfxziGdPxsu8-XSk2U60I-mQQsVAYJ_mSi]
[assets.website-files.com/5f8aeaae8ac5021ec2825b1a/6160d8e2878dba6c821c4380_UqHmVVeQEX4ZZJjO7C7-YJKqetvHEPR-B3R3t7e9wM84dZOv5dgflhQWYIsMe-OUKBP-EIme93AO5eetqkDr9F2sPj6EaN2DNWklMI_W01zgF_t4Yj]
[assets.website-files.com/5f8aeaae8ac5021ec2825b1a/6160d8e2f69025a65b27cbbf_W5NH6qidhapsgOLovCEsdjdVkgblZVYpxjxwia6HPE0SQm3Qib7lZYKGh09woHP9puASjhaivDdbHZMn5_kXYOr0Oz9OfXnrm1FQj7KilAu-snnjyd]
[assets.website-files.com/5f8aeaae8ac5021ec2825b1a/614a8acf48ecc13f4d9c3f08_Twisted Fate breakdown infographic (2).png]
[assets.website-files.com/5f8aeaae8ac5021ec2825b1a/6160d8e3dc6297d802750bf6_n5BZGlAzImLGzHLBbjLq8pJeZTFXlebUtTiRc0Fr9EHbyKk-ns9RIY9AJzHQkb-ldtRRSJTVciDoVzQJfvMIZ2tDoOts2tXrM88ncDzKGCia9qLmD1]
[gamercraft.com/blog-posts/champion-guide-twisted-fate.html]
[assets.website-files.com/5f8aeaae8ac5021ec2825b1a/615f4c095768e27c943d032b_XA7u7L-bCiHyh_-oZAk2Jjm33alrrepWePtMbR6_UQcawWc-Rek7hpiWPTh-58CN3Sfb1iQiRg3cSnFec2UjHqsSzTL8un7mZX3PrE_muJ1Iq6TQtF]
[assets.website-files.com/5f8aeaae8ac5021ec2825b1a/615f4c1bcf2278f5d0428e7d_UiSl1S0FIdL84m8GgE1pRtT1aCOSIoBu6EBzhpaZhnuPhFM_yYJzm54nmiAw1F6tTohe7Wa1n0wBEXD69L-PvXoZ677jntYehOCAx010cHt23sHzaz]
[gamercraft.com/blog-posts/midpatch-review-11-17.html]
[assets.website-files.com/5f8aeaae8ac5021ec2825b1a/615f458024ec701bd57ea4c8_4GM5edWoa1_OIqmIUH3CRxkvcndsgxiIC0HzGrLQGCrNGQCrobrKFI7N2E58prGHk6LxKCzWsAapzYCk3b2exSY8ZDtxo5FcS0SNHZb7NwLegVKU7U]
[assets.website-files.com/5f8aeaae8ac5021ec2825b1a/615f45897b47e6ab99efc859_0Z_4-6WIxLJg7UlQ30X6lhZ6RZ3tJWtILjipVTLjxUi8QPmMML8i0lQ4fjXkFG-nJaIU0o4bm7Al_T9PpMK1WcKXTAXvN3eA_FvmT-rVUckhaLAKYM]
[gamercraft.com/blog-posts/champion-synergy-kalista-and-alistar.html]
[assets.website-files.com/5f8aeaae8ac5021ec2825b1a/615e174344252f82a5837461_4Wvm7scPwCX_WcRJwvH64lKTwS3_08EcKbv9nJT0MeC39KoA-oaWlqlFtlhb5E_6vOOAksKbONziZ8ruuN3I8JwfBdkAap-_APLPW1giGnL7KFDf-c]
[gamercraft.com/blog-posts/pro-play-by-play-fnatic-vs-rogue.html]
[assets.website-files.com/5f8aeaae8ac5021ec2825b1a/615ca731f79445182604b8b9_xIYVb_2-hXTFVNnm_ubSb0d6nAwI7pGH-2jNFXf48UJiSwgHOXa2MbzHNnzpyq2XiaoUeFBMGWX6gHz67m4fiuOyRv1efw9lO_iUwlyYxjRPIxSp7x]
[assets.website-files.com/5f8aeaae8ac5021ec2825b1a/615ca732f0844c836f6b5263_j4CfywiIK1qZIj2i_uWD17EilaABBIlZLtHpN1qzDC66Q-TKW58OSN6ZYhBYBIIBFChNdaInGzy70Jq62XSWwuixB8LML3rkXbYkiodsTbv4XLZjuS]
[assets.website-files.com/5f8aeaae8ac5021ec2825b1a/615b9a8e7766d856ae7a3cdc_hrTXqHHUk3LtgWqunaf3j9sXG05yQUvo3IW3BA6mKgdtwKPY3ZfhxIfl7V3aafAJMleeJJh_9loxrMwlLUD0wXXq3_mbQkxOXDMB7k8wc1w2yqCTJ-]
[gamercraft.com/blog-posts/pro-play-by-play-mad-vs-rge.html]
[assets.website-files.com/5f8aeaae8ac5021ec2825b1a/615b9a8e055246933307e8d2_uBG-__zkDdv19zYhrlKxlwudEKQfVIZhA7NnagH7c5xSUdTa_LRY0ZQ1yDMkDyrWNtRPIGMu7MLetiTKfX-FDbWzAK2n61UjEcMkCelGRTV5oQmiJv]
[assets.website-files.com/5f8aeaae8ac5021ec2825b1a/615b9a8e3e5d71b40a618735_wgw5bwxn1efKzTyDvik8bs7ILnA9SHrgI65hUd-Ltdd1B8rTFDNL3r4vmJC-eHZnaxr1Cj-Ie35-mmTsUFnK_mvXYhVPkUaQGts6vMD7vAnP1uvequ]
[assets.website-files.com/5f8aeaae8ac5021ec2825b1a/612974de2243810e77283404_Gamercraft_Patch_1_12.png]
[assets.website-files.com/5f8aeaae8ac5021ec2825b1a/615b97f726e703b362dccf4e_KT9gWaPk21OILtTgpru01cJu6Ef3w-oDD8bwEc0XT-1_dqaSEW3QdVZI0wp2Xk9EOJiljCEeSKCRBkZBZzKr_z7c-IXPpCapRsQZd0QuSawEeDQH8l]
[assets.website-files.com/5f8aeaae8ac5021ec2825b1a/615b97f70b25c102bf06c8de_kp7wkMdy9F3-BiM30MNhW8uzr7o3ajMZ2klBS-PLG3scZ-PXHMgnMu4tnCAhvLw-VD3FXakxPC8lNFZ8bsusBDZIqTpFKBu0NygSkcf7d8jKkcKhEr]
[assets.website-files.com/5f8aeaae8ac5021ec2825b1a/615b97f7e7271c4bc8590775_Y3LcbZEQSzbYz20Q7PAPR0sUu0SmvTTFQMxUjqvoDjS-8eaIIX66l_zaWq3NOfFIqhOvmr2X32ppA877q9RKn7NFCKF5NNY3-arpqgriCQ5KaSb31R]
[assets.website-files.com/5f8aeaae8ac5021ec2825b1a/6129761be84a8f678760a7f4_LFGBanner.png]
[assets.website-files.com/5f8aeaae8ac5021ec2825b1a/615b97f7df828a7b53e356d8_r3oD7aIaPeGa6G59gCUiFLXy0_vHkcrDnuwCPPYOrCA_UssnE_eqlSZOi7vc66mBkDlXrsgf0Y9mYKKZbbz-sQ9jrcCmKWzjYLEMNyIftoHnYfMSc0]
[gamercraft.com/blog-posts/patch-1-12-auto-update-flex-rank-bug-fix.html]
[assets.website-files.com/5f8aeaae8ac5021ec2825b1a/615b97f726e70327b8dccf4d_MhP4Th49zsSDGCDPOux28zgnoJ_mHxLEmYkf6yoSGcAwWdxMAUK2CSXZZ4hM2yFGAm2l5SJpT_q87EQPavV6pLX7ikuZ9RORfROTD-mJdlndLoCicj]
[assets.website-files.com/5f8aeaae8ac5021ec2825b1a/61520fa3be71800a4ba1b5ad_dtsglqgbq9btB8mcu_jijRISJu_5gQ8Ex7rJzKRlJCHOYRmawmfaqWzsW2W_Bb-ALeUx9PYWn37KDhyQdHSsAhMVumJEWWvoqBoqsPdIogqDLmuF6b]
[gamercraft.com/blog-posts/pro-play-by-play-dannys-tristana.html]
[assets.website-files.com/5f8aeaae8ac5021ec2825b1a/6152088d5e13ecb29f41c3fe_jWsHavLAE14LuU29KdQgOW_hTO-A6oHnfza5WU6mT-fZC7mwqXiTHVhUeBVf7FkpwCzKWVw7j5uyhf-v49mK3eEuaVmIgW_06ZOwr-SfH58J8d4bJ5]
[assets.website-files.com/5f8aeaae8ac5021ec2825b1a/61520fa390e409102ce21b4c_ZYgxIXqx0GSSL9Mxmk3CLRgHOtldjNaB84nEuxD3x119NEN_LbR7zE7vzYyXqeLo7q90T5O1oX7r_QxtwWnb2zk3nWyw6zGcE9bbfiSfXALfhx94i4]
[gamercraft.com/blog-posts/team-comp-analysis-1-early-game-compositions.html]
[assets.website-files.com/5f8aeaae8ac5021ec2825b1a/61520f36ed74b10f26084ed2_cN0ti0m6uUBsjnwTrxPE2GU0PbNinm8mAD0UVQ-S7iAiVbOCCaYTWxN2Wv-HzbC4aglZRwcjTdexQTxvt_wgAYA5lae6pKA1ETG4I74veWKNRtCCPG]
[assets.website-files.com/5f8aeaae8ac5021ec2825b1a/61520f3f024de5b3eb6498fd_sqp0L9Ldq_yAJZ3D3SUrh0QFsNFr7YP2fAxrWjMO3ODFbiqSXnGr1uUnvFPpp4KiWaW06JB9vEZzKNF7QmybRhTwo0tA8KkrGE7ObOcRsRZFNH7wXM]
[assets.website-files.com/5f8aeaae8ac5021ec2825b1a/61520f4c5cc64706e977e0f7_AqUmMuaFCWwwXvhs7p7vmytec5le5cwJucNEVEUe5OdMmsHJKiitOukRwC1m-XDnoGgt4Vk_t6dREvYF0ob2mA_7uFjz5PmKxfhIvWP8ySPNMzTgtE]
[assets.website-files.com/5f8aeaae8ac5021ec2825b1a/6152047f3a6ae6346dd37883_wWBRzfL4KBSCrJnJ3FIdfraJlupYizkQCh7pza9qtsQ9iPg9pa17eei-fC554ac38vrjkgP7rjWenJYVaHYRMycuO7KLMMKagLa2WN2x-mwmCxxjKC]
[assets.website-files.com/5f8aeaae8ac5021ec2825b1a/611e90c3f8baf416e350fc13_TrisQ.gif]
[assets.website-files.com/5f8aeaae8ac5021ec2825b1a/61520498ab183e1f6379c70c_VExZCeuhsiVC3DSrFDy3DSew2PcSRvetgvMAUGlS3fVrgygtv9c1vLIgbGjxIl0XOMum0lnr2nna3l08IMVgriOHtqRd9nw5AEIMLN3m_771XpXOVZ]
[assets.website-files.com/5f8aeaae8ac5021ec2825b1a/615204abed74b1ed0a0803d3_cc8w1rao_fi0JnJTK0Do6TFTZe9UvSOFENTN8yOtiUczZPIpCTh3aZs6DwwV3dpCz4Ka6efj4WRdM-MdNnevjACxfwei94HrGtz3JJ0HNctvMQtTuZ]
[assets.website-files.com/5f8aeaae8ac5021ec2825b1a/61520507b6e190d9ce1a5cfb_nXozN_71ySaLLlMktg6HWUwMPwowAbb8QEu60Fau37FrYzCjXk7wwiYci6vjAJYyM0eM7nO_7IUy4YSDbH6GcPSgYzYox86BMhbM6MljrMcxNly1Hs]
[assets.website-files.com/5f8aeaae8ac5021ec2825b1a/611e9101a78e81198907ae62_TrisW.gif]
[assets.website-files.com/5f8aeaae8ac5021ec2825b1a/614a841201edb4869392d4ae_pN2jEeYpcExBUXgtOYA4ethGThQ1uu9A_vVbNGBpo4BhK4xhUbbSgtFH3AwmgTIMdny3TEZ8gXG8ZbF_dYB1J-0ce9hgJahx3N863qgk0Ogt25vyrk]
[assets.website-files.com/5f8aeaae8ac5021ec2825b1a/6152052216d27462cd22f7b7_MtklJMQ6VwPPpDh0BZ4Jg4guUXTykCMgXcJDYmoeJcaeSK750DaFBxAKgEqeQy7oWTM-yeJc4jKpoq6k4UzrtoQmS-8qfbeJuQbgNmXz0TfEuKbYWT]
[assets.website-files.com/5f8aeaae8ac5021ec2825b1a/614a84130d8f58e5a0b62d13_pojsr1Y059lIkcwLSvR_z2m2SPuwCkgqhCP3PyCuB650ns3e8mhBpMTxMLfXQFgnuFyu8cRiNVMt21VdMkkTkN1Nz58g1DJhxq62ANk9SKPQhEOdq7]
[assets.website-files.com/5f8aeaae8ac5021ec2825b1a/611e914e5125e256670dccd0_TrisE.gif]
[assets.website-files.com/5f8aeaae8ac5021ec2825b1a/61291097018a36585f12a055_EXexQANNQOodSxojUCJM7lq2IRt7GuC-EJtdc8A7lBRpbVyXfQ2Z42G23XgfLzgizYTwvfRwVgaFpi71IQFNIP0glObVV_4cHqmqJVfNuaglL2Drct]
[assets.website-files.com/5f8aeaae8ac5021ec2825b1a/6143c8a32662cc1ee8f063ba_KSYsLBHBnqR9lhspJJL6T0myo6JRwV9EoIU9BQMBLf3Fz3MmKe9i5-XE-V9zxb06p6YGDjbAqRys0-I3SsFlsHwUylwcfwj8ErYE4sygDKDuQQXqEG]
[assets.website-files.com/5f8aeaae8ac5021ec2825b1a/6143c8a3b8b607223edd6334_KQpxloILr5HhmYjSRWOtIvnQq1UkNBKVZZ9PO_n5jDhuu-lQX3gIy-fMu8uSxHtAYQb5IPI9pd-c92IIvUc75Lbi-AuY7r-yg5oiirflEPDLsEZp1v]
[assets.website-files.com/5f8aeaae8ac5021ec2825b1a/611e9187c6d7e800977453e8_TrisR.gif]
[assets.website-files.com/5f8aeaae8ac5021ec2825b1a/6143c8a35ef7f3aa5fae753b_lqkObqBDAAOXZFSdUqnJSN8MLFBpSK3591nBZV70NHjzGvQcy5nYtseQRD-OjqfNTnb7JFuKZpL13jq001Et1RIycCHnLnBJen9LwFHuNUSSwuSqfA]
[assets.website-files.com/5f8aeaae8ac5021ec2825b1a/6143c82754f9c9c5405cf692_OXgxDWObBidl0R8zwHo30_6seposQ0BWlQH5Xl3H3HC540_SRIBn1N6OxldVA56cxK_52HUGVxo4MtGieziL6WG9knX-CeS7hADKvlUx2a8A92j2wG]
[gamercraft.com/blog-posts/champion-breakdown-tristana.html]
[assets.website-files.com/5f8aeaae8ac5021ec2825b1a/6143c8286aa48d7bd4fee4f1_-Wz7-7qDVP8AbsGBY7BiRAV3rCh4Z1MinldzT33SQm5q2xFDt1oBwtkP9RgfGOScO5_pJWNYHCs3yNMhEMDAanyhPU9eBBj5W59AO9HRgIplwTZdYM]
[assets.website-files.com/5f8aeaae8ac5021ec2825b1a/6143c828cb2db41f09134668_ax-pFUvodD7wfGD9aaXe0uvKAVUP1leZF2Va05XwXBtg2DEGBCulqywiMbK1kDinDebbFN2OGE4Rc7E2yxya6yA-b8GPyt8cZ7-X3bPEbFTd4X_PpK]
[assets.website-files.com/5f8aeaae8ac5021ec2825b1a/613b9d94b6521201629e7c56_bmytNws-yf9Zf3rIiMYix-mqT_cjQ-zXQw9dpgCkU69Y2kR-PBd46J8A3fwul1h3841JisIgZ5ZlPNRgKEgRJd5ZdDIZpXuDh9LOmcvWlfcaE_e5-8]
[assets.website-files.com/5f8aeaae8ac5021ec2825b1a/611e636822e3fba0e96fec48_gamercraft-diana-prestige-mid-patch-review.png]
[assets.website-files.com/5f8aeaae8ac5021ec2825b1a/613b9f374a478cacf17a5d75_Drhv2BvM1b6aLppsgoQAe8UogY4yWfm93iJb1QmWOZbZaJoVYQhQbxQMUFrWndmdeA2Y2F8v422E6uZmO1dTpeREWuL4TXsH5G0_5_fw-UtRrmYrih]
[assets.website-files.com/5f8aeaae8ac5021ec2825b1a/613b9c2cdc2414d48a97575a_AKAWPYJFtCjF3rTP0HvrlDjXcZNra_ropzl9E6v-4s0gvGvBUpAh4dSoYcXuEy49b1NI225CCrVJaPaMjAa2g-3E8XU-C0Q6trgazR5DiOJ4QJMfCm]
[assets.website-files.com/5f8aeaae8ac5021ec2825b1a/611e6644db46025d5961caa7_611e660afe7dca1b5653486e_k_dZ45mF5xtKdLTPnfWq1jRn9uwpLPha6T-STdSJOMwEzzTF3UAcwpGyWTEQNW1Z3vFECqVUzFH.png]
[assets.website-files.com/5f8aeaae8ac5021ec2825b1a/613b9c2c82daf6e0a80962b1_-MhFPwRvbXdIFSteTTmQjeFBCslQmxXWlyjKdk8j2jH_2Kt_avyeVR5Jy0PdDZGNZt_6DQV46HTmkcw_197qY2eAh5TR0iGYK81jfPQm9hR-RLCESW]
[assets.website-files.com/5f8aeaae8ac5021ec2825b1a/6139112d7cabc8d78bebc367_jKnCQhgCLs9s0y4yKRm4_1gB7vSAXWIdpOQ5Vvgu959TDsNIt3qtkg3JNfCi-n9lYSDzqm_mwfCJUxyG_pN_o7vhKcHUR2eTRZuJgCEdUaf1UY4TGA]
[gamercraft.com/blog-posts/league-of-legends-mid-patch-review-patch-11-6.html]
[assets.website-files.com/5f8aeaae8ac5021ec2825b1a/6139112d48f73b130a1844fe_3h61Ytb6phqbUy_GuTcA5Xv3IKm1c1NS9KgPIUQbI1hLepAIfvyexuTHpuHGpZYXYrqzx312mFTOIUOWIOWSdqQx4Czk-vzu1dS9ya2LfI5c5t7yy4]
[gamercraft.com/blog-posts/how-to-out-of-game-improvement.html]
[assets.website-files.com/5f8aeaae8ac5021ec2825b1a/6139112e64e01372d06bf5bd_5aZSHOLRGVf5UuirwSh43UugKwqEH7nrjN_0x9SaANdNpBkWSQ564Jp_WoKIRwX661HT6lkHJPPdM0X20NlHGIfEKTrpIWW5y1whp8KFwKdPVf6N06]
[assets.website-files.com/5f8aeaae8ac5021ec2825b1a/6139112eab6d280f8cedcf30_Y8Y0GmbK0kDMCn-KviUeazwXLJZ-wicaFzJl0D-gOTlFkbqxJpRKSNamzDIXtKVnc1oSooeLzmUgvIYTwNjEQQzjWRFiVY4mtyl3sh-T3Af-LCyfSk]
[assets.website-files.com/5f8aeaae8ac5021ec2825b1a/61326d480f2a9b68e569c8cc_rq_G83KzD3LJB0wuDTfBvxxekmMKKOYlvKQ_8YEHQnN4aAMxpHH2DKmCjRDEAFFe6nK5nsntdrcMalH4ika44dVZrVqLHgka0w25SoMFpDyHc35Qt_]
[gamercraft.com/blog-posts/the-psychology-of-league-staying-cool.html]
[gamercraft.com/blog-posts/gamercraft-adds-alienware-founder-and-amd-chief-architect-of-gaming-solutions-to-board-of-directors.html]
[assets.website-files.com/5f8aeaae8ac5021ec2825b1a/61326d48a7be14041fb00db3_SOEsaXBUH2VY3C9rFbEoWWErPz6icAZ1YTHVStQpT-2461wpzmD26rqdE3EoRg7SFtFq0dWS98gIF4TMSoxx__RlVd9KqD487S0OCFuNNjq4xzMPxw]
[assets.website-files.com/5f8aeaae8ac5021ec2825b1a/61326d4809c15df8a0e3ddf8_I-mp1tiEF6B-TkdsMm9XG0Lfcg42MWXSQ7virvsRiKqgJC-BcCEby1cM6e5ieZDlhut2ScCxOVtnBCTFf9HI6og_Tl4bWWZgfLkKwJVDnlqwf2_gPQ]
[assets.website-files.com/5f8aeaae8ac5021ec2825b1a/6137a095ae01b82fcb22ed19_I7keRTsbmgA0o_vArPfeQyV5K7U6TmIO6YMENFDNFI-uXz2FWIJKXMBtkf68R6wR1eK2fZFvzc_cOyQ3_DMAI-KH43Ht17kPSsvQ72TjErz-aJLCny]
[assets.website-files.com/5f8aeaae8ac5021ec2825b1a/6137a096ae01b8d5b222ed1a_2tZvw1z_bOd5LJw4De2IW6HMFa-IkVnRX1w-8hRfXxQqqn_F1EOXOjGIXZHfceDuIJxC392YvVdekQwMRkfbY9Jp7y9axjN279vRbC0O9aAcKRPosy]
[gamercraft.com/blog-posts/strategy-of-the-week-level-2-power-spike.html]
[assets.website-files.com/5f8aeaae8ac5021ec2825b1a/6130ef772da64ed498ce5d1f_T0VsaE_LHa1gEFD1sdTZ9g9OakQo9pxoZi71bgGiUhKFY6hwFP508KMXtaPP7OpPeiFdhGI-JYu7X_4FQ2NvD65-_2F3RnnjgYoM8JW0jNh4zBYwEh]
[assets.website-files.com/5f8aeaae8ac5021ec2825b1a/6130ef777ad2796d238e862b_DVTyoCvSTKykvHF23LCc2Gl8WCmFmlNha_sff8JJV7XKKUo3TBfgZZEYxbkbGLs2hXAAK3Vc8-TUdPNooq9X6kp2JlN5ITl9MykwfwrC5EMHja6o4z]
[gamercraft.com/blog-posts/pro-play-by-play-g2-vs-xl.html]
[assets.website-files.com/5f8aeaae8ac5021ec2825b1a/6130ef77f8fd67d4800e5817_Yti9uW-gNS9Q0xpLt5kKWmpH7IceINmse_RYJqSdqK4L8zMp9EhyHH8RO51lvI41SUwwRRtYE5oBSB6VXTEuI2LgIDrZ6vDtJLdAtTjR31CnLntnoO]
[assets.website-files.com/5f8aeaae8ac5021ec2825b1a/6130ef773052c67913bb8a26_hYJr9b88mgEMLjb0EjYczEPaMf54yCkGsoM3SJy5LCOUGQPIUjtkp-g6FQ0SWpg3ax168Y4lluZzPzo-6N2SpHnSdVCs-HV_DxcenRVYvzQTuLv-5P]
[gamercraft.com/blog-posts/strategy-of-the-week-teleporting.html]
[assets.website-files.com/5f8aeaae8ac5021ec2825b1a/6130ef77f97ea5e141fdc415_1j64vaHEEExHS0jGMUWJrhAcgTpxHadFtkI9Ynpm0x8vyKqFYXoQwYYssO6o1h2llgkMIUKgB6KoWnPxiO6vY8Rg-EdRI3jTSXltaf0HaWGygH06Hb]
[assets.website-files.com/5f8aeaae8ac5021ec2825b1a/6130ef772e55dc9cadf5ffa9_Te2r1Pzc-o7bKPXRN6shFZWYqPmLv75rIBdcIYUrp5M5dd4hD6ne4xTu0D1qvJELBq0lne-gX_AFRy-xX5ykyswYm_58XBTw7wNWJ_79mnQMRUKR14]
[assets.website-files.com/5f8aeaae8ac5021ec2825b1a/6130ef78b7a39c85398303b6_fq0Yo-MVjpr6YtemkUKJbc5M0YiOhbJmWhkNqO5e4Ydd1JY0tXyvpXi8mEzl7HJfcwGlOkO7Vas306fPMD2pJ9yY-oXv06gSlFISi_gwxzMtNuho8x]
[assets.website-files.com/5f8aeaae8ac5021ec2825b1a/6108829ab3cb7759fe00fabb_Gamercraft Patch 1_11.png]
[assets.website-files.com/5f8aeaae8ac5021ec2825b1a/6130ef78f8fd672c830e5818_RuMTk-U7xWtzCzAi0wn562PHpEhk-O-HxVsUgk0jl0xGHrCvG15flKebFggy6zb7dbECbDU6bffdWQufoInrClgGzX_kCqyEdzqdFnTEsoi4JS7VNp]
[assets.website-files.com/5f8aeaae8ac5021ec2825b1a/612eca5f76576d11b87b66af_902PQYw9puNw9dmJEpsGI3XMpmubEOI2LZMKAhdcsIZ-nXaICfA01wkHWSg41Juaz7bE1_ckqi5J4qaLGWSXU_neYlzbLUzor30wwabtFiB-8kSC-M]
[gamercraft.com/blog-posts/patch-1-11-announcing-our-anti-cheat-and-tier-patch-system.html]
[assets.website-files.com/5f8aeaae8ac5021ec2825b1a/612eca5f008785f1f81dc68f_54YHYKTZB9MAFjTwt2ROeUNZlQv-8CYmmeLY7ys5DMhwAHkf08Dnermuk8TZcjo6-jnosrPFfLwVpwCGuZhmR5a2Ox10Bn2fz5sBwJmHn6cXUmRnXY]
[assets.website-files.com/5f8aeaae8ac5021ec2825b1a/612eca5fc22174b8d75eff5a_wt4HYHQ57wFrraeqYKKZ3pQ-tNNUVbqU040fjQv-RRIwTRE6-yyG6dQ62asNp_7qxZkgbuQbjRV1ytU45_hiIcl2I74ycliLiWeGhq7sfHTlfXN30o]
[gamercraft.com/blog-posts/how-to-voice-comms-for-competitive-league-of-legends-play.html]
[assets.website-files.com/5f8aeaae8ac5021ec2825b1a/612eca5f1e2f92e7e50dfe62_RlAhmj5XypZ7-V3xM_ldIzK3ES6y29Lt5-4o9yBdSC3JJ2zq7-kyjuEDef05XdS1gOl-FZjQL2gaJwNs8QhiTEmp8Tc5-gU8CE7EUSb-1hzlMQ60S3]
[assets.website-files.com/5f8aeaae8ac5021ec2825b1a/612eca5f76576d972f7b66ae_GmdsyJpHuzmVpZ6GfbdEaWYHBHfA7or7Iz0oyqjCygCM7T3u-r33QoRHr5xnhzoSdov2tMhPDNktSa1VJcO-W0AdBkPXDZ7rp075eL8HU_CCQfBD6W]
[gamercraft.com/blog-posts/champion-synergy-protect-the-adc-team-composition.html]
[assets.website-files.com/5f8aeaae8ac5021ec2825b1a/61293f7e7c531e4db48a6e36_LaOOI40CzZ1uERLjvlhvYxd6awqsAoeTBIKNWeuqFbSfudeuLU4G92tlWVPMxQNY5CB0C14EWow22IL2TtvExe6gkxBGWb4adzo6bjP4JwdDnhV2Cl]
[gamercraft.com/blog-posts/league-of-legends-mid-patch-review-patch-11-15.html]
[assets.website-files.com/5f8aeaae8ac5021ec2825b1a/61293f7f35b1fd087027e56f_G6U2OMp6TeKj-qQDtdPv9qhSvh1-cgyE3FjqIlh21Lap0OZ-hBUtsclj5VsMsyfyJRpNMysANqc2vCApXbCihepqm5AGLqZaaB6AParCLnW4loaUyY]
[assets.website-files.com/5f8aeaae8ac5021ec2825b1a/61293f7e97627b582e77faa2_hzUvfKFF7Ueu_XxnNjmjgj1cnaR2ytJGnCVq-_7gr0_HGYErn3dbu_9_lBZ2hGxJJ5Yi8t8wZ-Y1O3F7J20XdoxpuTVEHc6qvIiohLLQif0quVD17q]
[gamercraft.com/blog-posts/psychology-of-league-of-legends-tilt.html]
[assets.website-files.com/5f8aeaae8ac5021ec2825b1a/61293f7ee84a8fa6c45f6921_ypbxA4zRP8AESMlPx1TF6nFWWMwmRHzfr0evoHT6P5XMLUNg1MiklUFHlOzJQ1fmqrikvAqgodwhZzQU8Xs3H0dzy0G1lJ15SOW9OYYw7qP9RnlRsZ]
[assets.website-files.com/5f8aeaae8ac5021ec2825b1a/61293f7e9a15905e4b4ec508_89Q83eIYby9BRridjR1hD1cCvmHO0CW4xbdXxSEv-wpaLvLB9kkU_yjA40wMTeXO_U-DNVIb-hN5uDIODmch0f1VN4LKmgNyk8AGdOhHoAiPpIUq4J]
[assets.website-files.com/5f8aeaae8ac5021ec2825b1a/61293f7f35b1fd3d2f27e56e_I2X1bGAu-E71fTDjYeO3HkNWXxPsjpMoeWG78O1FWeurpKs0hC80N6cMVwtHPKmWONkl4cgeABL0hr87r7fseBACgTSEW_nBcGR0xN7FSVHkIZxCzW]
[assets.website-files.com/5f8aeaae8ac5021ec2825b1a/61293f7f75843d72c2d7d9b7_5eg8PiBXZFS369tOF3oCo9OPzWBJAiInEmzEdK_1wuBzwfOlSbYN_JEGBZRP77FatJRlTkoKO3Deft_H7b8mi74i7jEpH8DtiNjgA1vyFuS1qlwhgF]
[gamercraft.com/blog-posts/pro-play-by-play-fnc-vs-g2s-final-team-fight.html]
[assets.website-files.com/5f8aeaae8ac5021ec2825b1a/61293f7fccd5ce15e66ba969_U_71z5snVX-yOT1TLdrMqzwe2I99JOz1wf2Qs4NzNWN0WDKQKD_p5yXDN61L6updEY_r3V4HiVbbiTXnCKh29dpulkMC1D18k1lsXUm4Xwdlffh-Ny]
[assets.website-files.com/5f8aeaae8ac5021ec2825b1a/61293f7ff6476b7926c15228_avpxvetiC9YLTu3L3eeXgnrXe4AawPL5Rqlu3JAa_QpwX4yVNgqsO1nUQpMW0t8tH_fl8XDW_G7Xq8mtHPQ-hKkMbNguqVrYCvbzcT9DSa5S8EaP_u]
[gamercraft.com/blog-posts/how-to-recruit-teammates-for-league-of-legends-tournaments.html]
[assets.website-files.com/5f8aeaae8ac5021ec2825b1a/61293f7f7adf6f1b10aa7ed1_IfWQGm-Ph1_mDkOuTd1UTJGdeah8tQ5P-Aj93fQESdeNJ8LsyJEKwiAoGJoTo468q3IegBytpGM4MqqMCXMWrhWaD-Poj9mGj0m6KeNOHF0xvop-No]
[assets.website-files.com/5f8aeaae8ac5021ec2825b1a/6125201995067525485cac92_FYxzTHjijfeEyTn3YQInr_uh-t4Eh_WUleGP0QLXeewGs4ObnXqNX0IOJs8JAU9A3dd53CpQzg_knFl7D3dk_eiInTT3DKujniCSxaCtpeRGsS3dVC]
[assets.website-files.com/5f8aeaae8ac5021ec2825b1a/60f73b8c3176cb6a586f1b9a_350.jpg]
[assets.website-files.com/5f8aeaae8ac5021ec2825b1a/6125201945b2550f76fdc7f9_TPRbAX5ObfmBw782Gq6DgEXr_0Rtgalv_z1fbYwFduw8Vb5p2pWD35M-mXPUU7jNBs4KD5a0d0SEMCqghg_tM_c4K6LYq_TDm7LfIH9Y-bQ-LyHtWe]
[assets.website-files.com/5f8aeaae8ac5021ec2825b1a/60f73b9f080c0a5ef7312f5a_Twisted-Fate-Splash-Updated.jpg]
[assets.website-files.com/5f8aeaae8ac5021ec2825b1a/6125201948691465ef09959a_-GeEPRJco4HpM2OGDCmnwIMJEhU3redbHMhRWasjV22QthwNOVKXMX0pm6W_77lZHorXfEFUMtjXdK0e-C_mxsRCCZ2o4XhQ733I_sgZRPKAXoXxlU]
[assets.website-files.com/5f8aeaae8ac5021ec2825b1a/611e8eff0b89606e5938d02d_aVBd2J-etiodmHq-o9BV2-CpH8_7hE3A7oaP413PGRcpkErlgEiAo0UK5KQfbkMOxqR-sDGNVFI_jPIbKa36QJwDtlj7mt0D_WiFk-b1ADVytTEmLW]
[assets.website-files.com/5f8aeaae8ac5021ec2825b1a/60f73bbf5c827fc1d89cfddc_latest.png]
[assets.website-files.com/5f8aeaae8ac5021ec2825b1a/611af2946d7e5a2190b51acc_iitsCBoSigUxAm6fslj8d6d3msCDNuntWhcljnRe4uMtYlykuB1gPDt_UIKQEMIZ5a83NPoREE0zAlNIU3L6vEStOmUBDr-TWQmglfiwemA_dKNl57]
[assets.website-files.com/5f8aeaae8ac5021ec2825b1a/611af2936d7e5a19acb51acb_JOeZisekuGF1y68sgPq8rVm8lj-bfxaIsaJILd1Xd0EImX9aM6ZKI3nJOO0D8oTADIxAMIcKOywVWcTYpBZkmTYYa0-V2AcEAHmLpzV-K9e2FIZf50]
[assets.website-files.com/5f8aeaae8ac5021ec2825b1a/60f73be61d2b6b6dbb56363b_250.png]
[assets.website-files.com/5f8aeaae8ac5021ec2825b1a/6115781fb33c0e22582457c3_c3p40Z4JB4lf8rLm620p5tGIMeGee17XAgUA7X-UeneJaWs_k1BiXOMv0kCJ4PcyOv-k_BCwcEt7lcME67Ce4NFGGKvh500nceleunPHznIwLzOp0m]
[gamercraft.com/blog-posts/champion-synergy-nidalee-twisted-fate.html]
[assets.website-files.com/5f8aeaae8ac5021ec2825b1a/6115781f0fe211430194c39c_-fmoaCLc53sxUyxe1NoqmGU5wcmr1h558U894tVc8FV26GxpVXZKdxvHYhe0EMOdTO_LhXfOeAh9O0oeR7dNMXRAIgiMOtXCVZchHyzGq0HBa4NcI_]
[assets.website-files.com/5f8aeaae8ac5021ec2825b1a/6111ad43e9d2e74d17a9a9c6_YgTtKtBwlrfRqllQyBj2WFHRW9QRYtoyM01UM9gkgVdwzpF6X25tmp-QG26pejY-Kk4PPKuhha3I08chZhHxgrGPW5NmCsHt7HkSnB7HwNhC-H4fc6]
[assets.website-files.com/5f8aeaae8ac5021ec2825b1a/6111ad445fdacc489716b2d7_zeQXo7AHoLJuC6nWDOuhenSsMc11Wx-KuErno_-eQYFJ5jONhU4sTVeCnmjwxJxexV_Uv9jpSeBFQTIpkvvrQzrXPQ6CCecE9e2kMJW8v7X6-fzDaC]
[assets.website-files.com/5f8aeaae8ac5021ec2825b1a/60f60ad1655f5e41fa3cfc08_1.gif]
[assets.website-files.com/5f8aeaae8ac5021ec2825b1a/610c66f5d5f573af2b61f651_dw3f2iIuXcWDsyiMkRFtPLZUFA63viNp9HBQWE_tHU2fCXMuAuGrVHpsXCHL9vbxeQo0vlrELXzzL0zH31iOq8aQs3sYGVbez_C3DfDJf527JdbtQ4]
[assets.website-files.com/5f8aeaae8ac5021ec2825b1a/610c66f492065ed2cee78c93_LOLl_GlOEW0Z6yztuTB8k8_mZfMPPZaFK9ebw1tQDB-9cyZzHtRPtNidc26Vhtg6QUKfyh1Ncj0AZ5VZgRPCVBVa8ws8ImOZTddLSUwswLwSTVJ8mY]
[assets.website-files.com/5f8aeaae8ac5021ec2825b1a/60f60adcce7a881cf0b37093_2.gif]
[assets.website-files.com/5f8aeaae8ac5021ec2825b1a/610c66f59b8b3b27627e944c_HNIhtkDG5CgLNbCUouJPPz523LTL9zySTtuhE5XIe9F1atYKDTrZDzhVTU6Uhlplijo9P7Bef0qrIEACasH-PEUZTdbrQ9X8w00QdTrRPZZtpD5VBS]
[assets.website-files.com/5f8aeaae8ac5021ec2825b1a/6108672f118907be446cbc5a_wOb4Ed4qNd32it5urN-DtY9oJaIMmVKW7cZCWq2u52TqOfGNmPUh74snYBeMjRFDLsTQVk1qdyBWeJNdkRU-zb0TzZHEI8lodtMUwDURkiql1beiXR]
[assets.website-files.com/5f8aeaae8ac5021ec2825b1a/6104386def66e6194c6f4622_EWj62fkI-x4OVzAjkE2JGx03mhge4hHHkeA-bvVdnOPs2AqjApLI6z41U9SxudVF0e0QRU3bEdaX5rmnYo6hBZKZ4dhEDbDfJ5aAr6VBoVBYlUeTnm]
[assets.website-files.com/5f8aeaae8ac5021ec2825b1a/60f60b23b0884331289ad1a8_4.gif]
[assets.website-files.com/5f8aeaae8ac5021ec2825b1a/6101eb8d3a1db1468d9214d1_2QseFXHad-KIg_4AXLP12OZyUA1LLlG8hs2Ap1c_NODaus1EYIITf1VPfxkfxcK0NcDNs2poW2EJQJUECkJosDntzJyQlgOn9wi-IkzWIa9TRA0mSI]
[assets.website-files.com/5f8aeaae8ac5021ec2825b1a/6104386c4318fff985b1f2d7_4uClCagTh8WUwVC3q3iNEWDMvaR1gH5-Rj1jYP7awmE-zL3KXF2CcZPcqaixpr_VIB9E3CJS-zPzlnFcGNXhy9ncCIxohoWOHPkwySfYozpQsiqrn1]
[assets.website-files.com/5f8aeaae8ac5021ec2825b1a/6101ebbecc447a479938aa19_gFR5hIMYMfYRCIjDr5BaMe_Vr1NbVM_bKjRXyNLLwIu73nkBpv3yYbw6Qnz_wryAB9RUbgUt2uF47rWE6eddJA7vUWhR29cCOQwo5pnCIZHFOBK7ey]
[assets.website-files.com/5f8aeaae8ac5021ec2825b1a/60f60b2e64f056de43125127_5.gif]
[assets.website-files.com/5f8aeaae8ac5021ec2825b1a/6101eb8d3ea23f47d265eb0e_L0WgAGKDZIEowgxaXpdIThhxvNj-QrMOV8WuJEY3nuKu1sAmSzIXOPM9-59mudie-1rER4rMfnP82b8eRKvgJvyT39qQTaC8LeeWX1RRFDSCE67JWl]
[assets.website-files.com/5f8aeaae8ac5021ec2825b1a/6101eb8d6cce2668a830b61d_KmU1YmjyzxllmW2FcF_7Fg09SaLRs2tPMPsd1lQNbeBcAZ68h0-CZtHyicEz9Qm0CwZTWSk2rHAYJvAeOPRnsLsPFYj_dKjYIScldSPLS_8Suoweo7]
[gamercraft.com/blog-posts/yuumi-champion-guide.html]
[assets.website-files.com/5f8aeaae8ac5021ec2825b1a/6100531b4ac6b9f870b041dd_0UxSawh4fWBJG7HIfUatWHGNAy-nVgWPJll8R4Xo0GvQtq4U6rs0xDThsI4X_CVpBIZKiV2SmcDAlUuMAFynBdNqe2MUoM3MK61f7F1vE5ZUmTLgP9]
[assets.website-files.com/5f8aeaae8ac5021ec2825b1a/6100531a8594ce7610f0f167_MQmaUzv09U_4NXQd0zPfopJPLHovxpodHUjY8RpFvsjsdAL2_lRJOVOD1V6G_tYHODe2iDQ8pQw0oAc9paFhWfsfsJ8_FU7fOctLmztvhQdDKd6f_h]
[gamercraft.com/blog-posts/strategy-of-the-week-warding.html]
[assets.website-files.com/5f8aeaae8ac5021ec2825b1a/6100531b2857ba68142f2f7d_BvGI4BmErF0-4Oqy8qiXpZsYJpe0xz1Ec0kb8YySTx9romhxx-BrWyVEdkTPW-BkF2rxz-z8-2yX0BhPb0xNu9_F0Uii80A958xIMKhFl10f4BVyw3]
[assets.website-files.com/5f8aeaae8ac5021ec2825b1a/6100531ab605fd54e8340bd5_hSP2Z1d_sv-XqW3bXhOF3sT7aa50amnq3sHtAEORQYjgEhluRMX1H1PBR7KVoidsCIEnRL-asha-bH7w67_W7x_CrmyjQdE4CFYijA8cUNIhUfxx5A]
[gamercraft.com/blog-posts/mid-patch-review-patch-11-14.html]
[assets.website-files.com/5f8aeaae8ac5021ec2825b1a/6100531a3107e92ffed245ca_ooAA9sRbdX4mFbaA9UeeWF6-Rz6zI7L8wtsjuaEdHG5fjdJamO_z5yJThk1RuxU2iIsdpwZKekJTm2yArs2gtNuu4xddTYvCAXhtfGyLn6IU-ZC2w8]
[assets.website-files.com/5f8aeaae8ac5021ec2825b1a/6100531a24f408f702e17f05_zgEdcg7raNuS6qlGpf3ROw8A3KQ8JqTcBcxRaxg8fWYY-4dH7C0aw1ErZ1-g5_xh1zv7JRuTYpQFg8lhB_vfgR7H9hUKLxS4jeD7BTAyCO16MrCLeu]
[gamercraft.com/blog-posts/pro-play-by-play-g2s-notorious-elder-drake.html]
[assets.website-files.com/5f8aeaae8ac5021ec2825b1a/6100531ab605fd6394340bd4_wHEud455DSYSlznFEhqxGCXQ1ik6wClkgXYSVdFEMCOh3V_SdVgpcXoxQDlQ1RLJ4YZ9M4NNMfbsyR8jxIKgdfPXO12sJG_PhfbwFedOUDDE545cgZ]
[assets.website-files.com/5f8aeaae8ac5021ec2825b1a/6100531b9ab6903fb8fd3cf0_e-w4qi-9Zr4f9TZZo2wLv80W3nhHeg6jBT_S76w0vJDXxRQfvlNwoW_noFmLEbtRKY_1C_q1GImPQ-sYZMZFFdcKbipSSZiDLzzMPWvAZTr-ijRWc0]
[s.imgur.com/min/embed.js]
[assets.website-files.com/5f8aeaae8ac5021ec2825b1a/60f60155fdb7ee3ca8a58932_eNnLlwCuHpgli7lG_1VN4vMFkmMgAjZVb2IrnawqLVP0RReNmI1pj--fVjTeOq5rvuOd74AmyD0zd3P0HbaAxozHkkst9_dgGxz3vabwTB9ezKdYL8]
[assets.website-files.com/5f8aeaae8ac5021ec2825b1a/6100531b399b2657f26cbff8_ciYAsyxw00yL_IaNvwFUB3ITYJtykQx75jys0EIfkLR7mUAF2cWzjiTv9LCoWOdka_RyIu_q8mnosC0IeII3v_KNDcz6j112Y52_57Ls7PS9XLxTC7]
[assets.website-files.com/5f8aeaae8ac5021ec2825b1a/6100531c691b469e16edb9e7_2Hq-qcQgdn8l6sMghxuJLg_POkhKHobPcdkp7zYj7MCboYfQl10LJaU8cf9qPYRJ3k3k5J4EGxifIm4VBWILl3C3QYu1GjpotdwOsE4V7CM-pUx0JF]
[assets.website-files.com/5f8aeaae8ac5021ec2825b1a/60f60155ba7b726a45480c66_qrOFvqDrxwvJdHhdqcMIDqVFWvwZVLy2EsmxxuUnYgTFT6LN16NU4C0pQ651t8Dm7-zqs5sbFBDZ8MQTrUlI0QDVDM1Ea4VGQ7VBvlOd13MlBAw7cJ]
[assets.website-files.com/5f8aeaae8ac5021ec2825b1a/60e600dede56c5d3f79f69a5_PinkWard.png]
[assets.website-files.com/5f8aeaae8ac5021ec2825b1a/60f1eda75d007b65d8205909_ap2H-h8hQz0EL_l5_Gj2GqmoUyRinxHOQZQOvSlTDBAVfr2CxkXVWSINH4erG0nIWHfULcMOENDP9iI-ImFUY_M2L353XEhxMovlOfCUyT_NVqELOe]
[assets.website-files.com/5f8aeaae8ac5021ec2825b1a/60f1eda6b0443a3a3a4ba528_n4QsB_bGHpBBJD3Qds16jNvzGE1aI3hObPzD7_yffS9H33F_DvU3m3MurmNAyM_xLvDhoSBpg8VIw4ZFo5q1SfK2_qZ_flEPPS6TJiujm4FzjSDQSO]
[assets.website-files.com/5f8aeaae8ac5021ec2825b1a/60f1eda6420fd5abaf3f25a5_I3PrewPbFH8C4jmivbh5C-fME-0KAaBUJQd2acikU4fBHNqG75yYdRX_2L6QCQxG0T3oJX_upX5A15uXzOKTwdj7Ajh3AMcq3F_dlEcOa5YGMLZozZ]
[assets.website-files.com/5f8aeaae8ac5021ec2825b1a/60e6011f2de70e63273a8432_G2vision1.png]
[assets.website-files.com/5f8aeaae8ac5021ec2825b1a/60f1eda6b0443a5ad64ba529_g1AEsRqGnHUwx3ohCkwWj7SwhNGb3nwy6V_N0KNh73VEuXBvCOrM20GVP195CrK5EpgiyboMJeLjSpWKEbxO2l0COayqq_Yn52mTrNvT3-BS-ad6KY]
[assets.website-files.com/5f8aeaae8ac5021ec2825b1a/60f1eda61aa7e029fdadc78c_Y3jywszFqz0qLuwQLPdwjGr-Tu608tH3s5jxP7cJcKPxTn1w_qQdFp3mT49_seeh6iCpKVZvpkgtn7JFAcSNxHcAMHQaJciSPs5QRGfXY9s9py0j-a]
[assets.website-files.com/5f8aeaae8ac5021ec2825b1a/60e60193f104eebc6c957f78_ThePounce1.png]
[assets.website-files.com/5f8aeaae8ac5021ec2825b1a/60ef12e05bea8db9e6eaea13_mKsIOhUTwPGneSNwL6NFzZj-ay0HKP7PhBvZI-4haQjI0voYq0gp9zJr4dMYeIavCIACTOcmJiYZ16kzjR-1m_-w8XInYbXTD8Pfwo9kX1YTXGZovA]
[assets.website-files.com/5f8aeaae8ac5021ec2825b1a/60ef12e035ee87c5e090a476_vaOAkGABOmjXo_XV10pulZGwiPkdnwWUMx_zs3TqiKqYpeLTApLBGGikuSmBCYneAoLAlpg8BnjOzT2KYlpae2YzmfLuujvlfYe5ZFiCo11AWVOqYS]
[assets.website-files.com/5f8aeaae8ac5021ec2825b1a/60ef12e1e4e06a74cefef50c_dTcPXUpxXWBDr6TcHK_HCzgLIp8HEa-b5KpILRQXL_MllnEECmF7dpxDuu0tnDHebeQYL616BSQlEV99607eJJAkG0fKqwDFBHHoZZ2YLE9neSbFdo]
[assets.website-files.com/5f8aeaae8ac5021ec2825b1a/60e601bed80c83a6fed064cc_thepounce2.png]
[assets.website-files.com/5f8aeaae8ac5021ec2825b1a/60ef12e135ee8735f290a477_xc7vWuoXz0chcyHxf4VgO_o1U7Vb7vf2S6bWEL0XMf5frTabtlhS2o5_mxH7aP5ZqZm636keGnGWQRpVg1EanYfw49eBshAZm_E69NbEUecwNRKegQ]
[assets.website-files.com/5f8aeaae8ac5021ec2825b1a/60edd6bf7000d6654775c64a__5JZBQBinWvoGOUvcq_wUJsvg8dL6JJKI9hp52TuSaTcWzaezHERzi0SZKkVzta6RKOEzR-fOsw0x6jaW70oNdrqX_ijAOtZP-o00yJHQ0P3V3Se4m]
[gamercraft.com/blog-posts/pro-play-by-play-odoamnes-kennen.html]
[assets.website-files.com/5f8aeaae8ac5021ec2825b1a/60edd6be77696e70538ba8fd_Yw5gaB_MMKlxKUh09aTpSDbM6msshpdJlzjp58TaPO3GPIWrbPQ1_9JIKbrqygyJytu5hwnGHTTcNvRdvKtWeFxmVHfnvx4z91WhkCnHmnokH3cUyH]
[assets.website-files.com/5f8aeaae8ac5021ec2825b1a/60edd6be106356b47bd7e252_NAmxNGdh68O4iGjCxY2VudWhpS9lxnt5RH5A7vayyIP8XGlVSsxuznwx35eBL_kEmuKQTcZ_pujUZpJ6BEkNrGZwdC68T409RfJdOq2It04ayFmIsF]
[assets.website-files.com/5f8aeaae8ac5021ec2825b1a/60edd6be3f29c3e2b9d7ec40_hLmeOUuJOKYpBPqBQyJFK1pWHTGK8OxkJMqZdEIGArSdN75CrCD3I5IwLUvFpwyZlW9nV2dig04g3zgGCE5CzVjU8Tje5hBIYDWDFCzZjpV_d-H5Gx]
[assets.website-files.com/5f8aeaae8ac5021ec2825b1a/60e4cab5b3031f991a7608e3_mundoability1.gif]
[assets.website-files.com/5f8aeaae8ac5021ec2825b1a/60edd6bdad5b2f5103994ab5_rQfEaIRJdizgSZIMsYUDCjXiaPEOQ8aFI6YSj92IXtz2NoDSaNpncPn-YygUMGSc07IDa_epEOdtSjOFZr1IzXw2og9mRdNH24HzTW5fts-jHQtjYI]
[assets.website-files.com/5f8aeaae8ac5021ec2825b1a/60e4cb22f3f12ec4e48c54ab_mundoability2.gif]
[assets.website-files.com/5f8aeaae8ac5021ec2825b1a/60e4cbd35960f8627867b554_mundoability3.gif]
[assets.website-files.com/5f8aeaae8ac5021ec2825b1a/60e4cc32e041d60700090423_mundoability4.gif]
[assets.website-files.com/5f8aeaae8ac5021ec2825b1a/60e4cc9f69a744616d39248a_mundoability5ultimate.gif]
[gamercraft.com/blog-posts/dr-mundo-champion-guide.html]
[gamercraft.com/blog-posts/how-to-constructive-criticism.html]
[gamercraft.com/blog-posts/psychology-of-league-priming.html]
[gamercraft.com/blog-posts/strategy-of-the-week-turret-plating.html]
[assets.website-files.com/5f8aeaae8ac5021ec2825b1a/60a5795fe85684da86078fb1_Snip20210519_80.png]
[assets.website-files.com/5f8aeaae8ac5021ec2825b1a/60e4cd10d8cd465fe8a87697_xMt8iPElwX_6QMoviIHNXlmO2jAZpweI_OdkACAdYOcZ0PfT2x0rxUUiRQEXoPtloJSz4zDmREua4SkI6h4sHC1llW4RSBzLmJHFm2Ta5CnqW4Yu_U]
[assets.website-files.com/5f8aeaae8ac5021ec2825b1a/60a57a007bc4f1cd801b7e72_Snip20210519_82.png]
[gamercraft.com/blog-posts/league-of-legends-lulu-champion-breakdown.html]
[assets.website-files.com/5f8aeaae8ac5021ec2825b1a/60999c5c9636a3858d843fda_Snip20210510_54.png]
[gamercraft.com/blog-posts/league-of-legends-seraphine-champion-breakdown.html]
[gamercraft.com/blog-posts/the-psychology-of-league-the-sunk-cost-fallacy.html]
[gamercraft.com/blog-posts/how-to-enemy-scouting-in-league-of-legends.html]
[assets.website-files.com/5f8aeaae8ac5021ec2825b1a/6089b6abad25eb4fca980b4d_wt0F0z0mgAGZmY4ucSZBb3DR3xercxSQb51BR9QSqYejn4BZ5dE_Oi6QNMgb8trdMAfARBhXP4w2kXMO0yZwl4s1ryyJpe3aAycDvPh3AB4vXJmvoD]
[assets.website-files.com/5f8aeaae8ac5021ec2825b1a/6089b68f5b8c9b456b5f632f_Qm955kkLDub5DkzFOoc6YfUm5Uk5UNGJkc2G4j219YI0DpEuOxSGunZZVObvl5heDca_huaynefZgC-clr1JYd5NluYYMRActu7C8t4ll3vyN5JdUu]
[assets.website-files.com/5f8aeaae8ac5021ec2825b1a/60999d324e08140984394a28_VQIhU420nlFbaedqs3roY9JK28VlVcwW5t0xTvzdVVdzPNQwkAbZlB8uerlT897b_Uj2rk4V8ZtUmrTQT4uhqqDeooTUvXfnmIkWAdg8wrVwiw8mMX]
[gamercraft.com/blog-posts/league-of-legends-patch-overview.html]
[gamercraft.com/blog-posts/strategy-of-the-week-support-roaming.html]
[assets.website-files.com/5f8aeaae8ac5021ec2825b1a/61291097f241c208879ef043_OORaeZ7YfKDnSjJrdzVCm3ZXgbxtWnUcyscrmObdNMWIlxcPmmvfr6NYOi1pJeTwM7SWzueacAKdEEhYTcxK1LSVSLgWc0eCRYiQv_5BFX3ygF089i]
[assets.website-files.com/5f8aeaae8ac5021ec2825b1a/60870b0838af95cd8637ec90_QVmD1opX7KB8ANA7O-5ND2IfwLBB2C8IXl7zppM9ZBGHRaoDLFmBqR61vZ0WefP2n1wVO23UPQQB4fo2adjWwVU7qo9aEnVK3gHyBhLnBVKORTe8K8]
[gamercraft.com/blog-posts/league-of-legends-champion-synergy-seraphine-and-ashe.html]
[assets.website-files.com/5f8aeaae8ac5021ec2825b1a/60870b089e6c82358d20a6fd_n1NHkf_Nq8BpsWhJXU3TxedJrGh_4Oi9sItiui3fjHvVYCNy04zu0aS_iZWDCB_zktPdoNPoAC-VeqT1fHIXybz0w8MJAgESVrjgvMqBx_kwrEc6OB]
[gamercraft.com/blog-posts/mikeyeung-partners-with-gamercraft.html]
[gamercraft.com/blog-posts/gwen-champion-breakdown.html]
[assets.website-files.com/5f8aeaae8ac5021ec2825b1a/607d23fb88d1c8758d91780f_MfTSanBDz8jS64LmxuLGgIcCF07y3fxQsQpei2JnnYHfnvyeeoyCPqE3USEauu4gayR6uNIx_ouRcnl1gJe6X0dG4gVLpuMccoyWuP1qZvxZOtvWlg]
[gamercraft.com/android.html]
[gamercraft.com/partners/join-the-program.html]
[gamercraft.com/partners/login.html]
[assets.website-files.com/5f8aeaae8244764ce3e625a5/5f8c6f77be69657945ddae87_db378f61b9b78fe17eafe62229e01fba.png]
[gamercraft.com/jobs/software-engineer.html]
[gamercraft.com/index2d88.html]
[gamercraft.com/blog-posts/patch-overview-11-8]
[gamercraft.com/rss.xml]
